[2026.09.29-16.27.48:549][750]LogTemp: Display: Commander LOD views=1 queries=7 view_update_ms=0.018100 view_frame=93750 current_frame=93750 (latest sampled frame; resource budgets are consumer-local)
[2026.09.29-16.27.48:549][750]LogTemp: Display: consumer=WM01MissileBatches objects=7 visible=0 target[0/1/2]=0/0/0 applied[0/1/2]=0/0/0 culled[no_view/frustum/invalid/distance/screen]=0/7/0/0/0 budget_limited=0 transition_pending=0 unavailable=0 age_frames=0
[2026.09.29-16.27.48:910][770]LogTemp: Display: Commander LOD views=1 queries=7 view_update_ms=0.021100 view_frame=93770 current_frame=93770 (latest sampled frame; resource budgets are consumer-local)
[2026.09.29-16.27.48:910][770]LogTemp: Display: consumer=WM01MissileBatches objects=7 visible=0 target[0/1/2]=0/0/0 applied[0/1/2]=0/0/0 culled[no_view/frustum/invalid/distance/screen]=0/7/0/0/0 budget_limited=0 transition_pending=0 unavailable=0 age_frames=0
[2026.09.29-16.27.49:273][790]LogTemp: Display: Commander LOD views=1 queries=7 view_update_ms=0.020100 view_frame=93790 current_frame=93790 (latest sampled frame; resource budgets are consumer-local)
[2026.09.29-16.27.49:273][790]LogTemp: Display: consumer=WM01MissileBatches objects=7 visible=0 target[0/1/2]=0/0/0 applied[0/1/2]=0/0/0 culled[no_view/frustum/invalid/distance/screen]=0/7/0/0/0 budget_limited=0 transition_pending=0 unavailable=0 age_frames=0
[2026.09.29-16.27.49:618][809]LogTemp: Display: Commander LOD views=1 queries=7 view_update_ms=0.015700 view_frame=93809 current_frame=93809 (latest sampled frame; resource budgets are consumer-local)
[2026.09.29-16.27.49:618][809]LogTemp: Display: consumer=WM01MissileBatches objects=7 visible=0 target[0/1/2]=0/0/0 applied[0/1/2]=0/0/0 culled[no_view/frustum/invalid/distance/screen]=0/7/0/0/0 budget_limited=0 transition_pending=0 unavailable=0 age_frames=0
[2026.09.29-16.27.49:968][829]LogTemp: Display: Commander LOD views=1 queries=7 view_update_ms=0.019400 view_frame=93829 current_frame=93829 (latest sampled frame; resource budgets are consumer-local)
[2026.09.29-16.27.49:968][829]LogTemp: Display: consumer=WM01MissileBatches objects=7 visible=0 target[0/1/2]=0/0/0 applied[0/1/2]=0/0/0 culled[no_view/frustum/invalid/distance/screen]=0/7/0/0/0 budget_limited=0 transition_pending=0 unavailable=0 age_frames=0
[2026.09.29-16.27.50:321][849]LogTemp: Display: Commander LOD views=1 queries=7 view_update_ms=0.014200 view_frame=93849 current_frame=93849 (latest sampled frame; resource budgets are consumer-local)
[2026.09.29-16.27.50:321][849]LogTemp: Display: consumer=WM01MissileBatches objects=7 visible=0 target[0/1/2]=0/0/0 applied[0/1/2]=0/0/0 culled[no_view/frustum/invalid/distance/screen]=0/7/0/0/0 budget_limited=0 transition_pending=0 unavailable=0 age_frames=0
[2026.09.29-16.27.50:665][869]LogTemp: Display: Commander LOD views=1 queries=7 view_update_ms=0.017400 view_frame=93869 current_frame=93869 (latest sampled frame; resource budgets are consumer-local)
[2026.09.29-16.27.50:665][869]LogTemp: Display: consumer=WM01MissileBatches objects=7 visible=0 target[0/1/2]=0/0/0 applied[0/1/2]=0/0/0 culled[no_view/frustum/invalid/distance/screen]=0/7/0/0/0 budget_limited=0 transition_pending=0 unavailable=0 age_frames=0
[2026.09.29-16.27.51:004][889]LogTemp: Display: Commander LOD views=1 queries=7 view_update_ms=0.020500 view_frame=93889 current_frame=93889 (latest sampled frame; resource budgets are consumer-local)
[2026.09.29-16.27.51:004][889]LogTemp: Display: consumer=WM01MissileBatches objects=7 visible=0 target[0/1/2]=0/0/0 applied[0/1/2]=0/0/0 culled[no_view/frustum/invalid/distance/screen]=0/7/0/0/0 budget_limited=0 transition_pending=0 unavailable=0 age_frames=0
[2026.09.29-16.27.51:363][909]LogTemp: Display: Commander LOD views=1 queries=7 view_update_ms=0.015300 view_frame=93909 current_frame=93909 (latest sampled frame; resource budgets are consumer-local)
[2026.09.29-16.27.51:363][909]LogTemp: Display: consumer=WM01MissileBatches objects=7 visible=0 target[0/1/2]=0/0/0 applied[0/1/2]=0/0/0 culled[no_view/frustum/invalid/distance/screen]=0/7/0/0/0 budget_limited=0 transition_pending=0 unavailable=0 age_frames=0
[2026.09.29-16.27.51:708][929]LogTemp: Display: Commander LOD views=1 queries=7 view_update_ms=0.014900 view_frame=93929 current_frame=93929 (latest sampled frame; resource budgets are consumer-local)
[2026.09.29-16.27.51:708][929]LogTemp: Display: consumer=WM01MissileBatches objects=7 visible=0 target[0/1/2]=0/0/0 applied[0/1/2]=0/0/0 culled[no_view/frustum/invalid/distance/screen]=0/7/0/0/0 budget_limited=0 transition_pending=0 unavailable=0 age_frames=0
[2026.09.29-16.27.52:078][950]LogTemp: Display: Commander LOD views=1 queries=6 view_update_ms=0.016800 view_frame=93950 current_frame=93950 (latest sampled frame; resource budgets are consumer-local)
[2026.09.29-16.27.52:078][950]LogTemp: Display: consumer=WM01MissileBatches objects=6 visible=0 target[0/1/2]=0/0/0 applied[0/1/2]=0/0/0 culled[no_view/frustum/invalid/distance/screen]=0/6/0/0/0 budget_limited=0 transition_pending=0 unavailable=0 age_frames=0
[2026.09.29-16.27.52:428][971]LogTemp: Display: Commander LOD views=1 queries=1 view_update_ms=0.016800 view_frame=93971 current_frame=93971 (latest sampled frame; resource budgets are consumer-local)
[2026.09.29-16.27.52:428][971]LogTemp: Display: consumer=WM01MissileBatches objects=1 visible=0 target[0/1/2]=0/0/0 applied[0/1/2]=0/0/0 culled[no_view/frustum/invalid/distance/screen]=0/1/0/0/0 budget_limited=0 transition_pending=0 unavailable=0 age_frames=0
[2026.09.29-16.27.52:767][992]LogTemp: Display: Commander LOD views=1 queries=1 view_update_ms=0.016800 view_frame=93971 current_frame=93992 (latest sampled frame; resource budgets are consumer-local)
[2026.09.29-16.27.52:767][992]LogTemp: Display: consumer=WM01MissileBatches objects=0 visible=0 target[0/1/2]=0/0/0 applied[0/1/2]=0/0/0 culled[no_view/frustum/invalid/distance/screen]=0/0/0/0/0 budget_limited=0 transition_pending=0 unavailable=0 age_frames=0
[2026.09.29-16.27.53:128][ 14]LogTemp: Display: Commander LOD views=1 queries=1 view_update_ms=0.016800 view_frame=93971 current_frame=94014 (latest sampled frame; resource budgets are consumer-local)
[2026.09.29-16.27.53:128][ 14]LogTemp: Display: consumer=WM01MissileBatches objects=0 visible=0 target[0/1/2]=0/0/0 applied[0/1/2]=0/0/0 culled[no_view/frustum/invalid/distance/screen]=0/0/0/0/0 budget_limited=0 transition_pending=0 unavailable=0 age_frames=0
[2026.09.29-16.27.53:260][ 22]LogPython: CommanderLOD probe finished lod0
[2026.09.29-16.28.53:721][117]LogPython: CommanderLOD probe finished lod0-fresh
[2026.09.29-16.30.20:271][314]LogTemp: Display: Commander LOD views=1 queries=8 view_update_ms=0.024300 view_frame=103314 current_frame=103314 (latest sampled frame; resource budgets are consumer-local)
[2026.09.29-16.30.20:271][314]LogTemp: Display: consumer=WM01MissileBatches objects=8 visible=5 target[0/1/2]=3/2/0 applied[0/1/2]=3/2/0 culled[no_view/frustum/invalid/distance/screen]=0/3/0/0/0 budget_limited=0 transition_pending=0 unavailable=0 age_frames=0
[2026.09.29-16.30.20:636][331]LogTemp: Display: Commander LOD views=1 queries=8 view_update_ms=0.011500 view_frame=103331 current_frame=103331 (latest sampled frame; resource budgets are consumer-local)
[2026.09.29-16.30.20:636][331]LogTemp: Display: consumer=WM01MissileBatches objects=8 visible=5 target[0/1/2]=4/1/0 applied[0/1/2]=4/1/0 culled[no_view/frustum/invalid/distance/screen]=0/3/0/0/0 budget_limited=0 transition_pending=0 unavailable=0 age_frames=0
[2026.09.29-16.30.20:994][349]LogTemp: Display: Commander LOD views=1 queries=8 view_update_ms=0.018700 view_frame=103349 current_frame=103349 (latest sampled frame; resource budgets are consumer-local)
[2026.09.29-16.30.20:994][349]LogTemp: Display: consumer=WM01MissileBatches objects=8 visible=5 target[0/1/2]=4/1/0 applied[0/1/2]=4/1/0 culled[no_view/frustum/invalid/distance/screen]=0/3/0/0/0 budget_limited=0 transition_pending=0 unavailable=0 age_frames=0
[2026.09.29-16.30.21:358][368]LogTemp: Display: Commander LOD views=1 queries=8 view_update_ms=0.017900 view_frame=103368 current_frame=103368 (latest sampled frame; resource budgets are consumer-local)
[2026.09.29-16.30.21:358][368]LogTemp: Display: consumer=WM01MissileBatches objects=8 visible=5 target[0/1/2]=4/1/0 applied[0/1/2]=4/1/0 culled[no_view/frustum/invalid/distance/screen]=0/3/0/0/0 budget_limited=0 transition_pending=0 unavailable=0 age_frames=0
[2026.09.29-16.30.21:734][387]LogTemp: Display: Commander LOD views=1 queries=8 view_update_ms=0.010100 view_frame=103387 current_frame=103387 (latest sampled frame; resource budgets are consumer-local)
[2026.09.29-16.30.21:735][387]LogTemp: Display: consumer=WM01MissileBatches objects=8 visible=5 target[0/1/2]=5/0/0 applied[0/1/2]=5/0/0 culled[no_view/frustum/invalid/distance/screen]=0/3/0/0/0 budget_limited=0 transition_pending=0 unavailable=0 age_frames=0
[2026.09.29-16.30.22:091][406]LogTemp: Display: Commander LOD views=1 queries=8 view_update_ms=0.021700 view_frame=103406 current_frame=103406 (latest sampled frame; resource budgets are consumer-local)
[2026.09.29-16.30.22:091][406]LogTemp: Display: consumer=WM01MissileBatches objects=8 visible=5 target[0/1/2]=5/0/0 applied[0/1/2]=5/0/0 culled[no_view/frustum/invalid/distance/screen]=0/3/0/0/0 budget_limited=0 transition_pending=0 unavailable=0 age_frames=0
[2026.09.29-16.30.22:461][426]LogTemp: Display: Commander LOD views=1 queries=8 view_update_ms=0.021200 view_frame=103426 current_frame=103426 (latest sampled frame; resource budgets are consumer-local)
[2026.09.29-16.30.22:461][426]LogTemp: Display: consumer=WM01MissileBatches objects=8 visible=5 target[0/1/2]=5/0/0 applied[0/1/2]=5/0/0 culled[no_view/frustum/invalid/distance/screen]=0/3/0/0/0 budget_limited=0 transition_pending=0 unavailable=0 age_frames=0
[2026.09.29-16.30.22:847][446]LogTemp: Display: Commander LOD views=1 queries=8 view_update_ms=0.019200 view_frame=103446 current_frame=103446 (latest sampled frame; resource budgets are consumer-local)
[2026.09.29-16.30.22:847][446]LogTemp: Display: consumer=WM01MissileBatches objects=8 visible=5 target[0/1/2]=5/0/0 applied[0/1/2]=5/0/0 culled[no_view/frustum/invalid/distance/screen]=0/3/0/0/0 budget_limited=0 transition_pending=0 unavailable=0 age_frames=0
[2026.09.29-16.30.23:214][463]LogTemp: Display: Commander LOD views=1 queries=8 view_update_ms=0.013300 view_frame=103463 current_frame=103463 (latest sampled frame; resource budgets are consumer-local)
[2026.09.29-16.30.23:214][463]LogTemp: Display: consumer=WM01MissileBatches objects=8 visible=5 target[0/1/2]=5/0/0 applied[0/1/2]=5/0/0 culled[no_view/frustum/invalid/distance/screen]=0/3/0/0/0 budget_limited=0 transition_pending=0 unavailable=0 age_frames=0
[2026.09.29-16.30.23:567][481]LogTemp: Display: Commander LOD views=1 queries=8 view_update_ms=0.016600 view_frame=103481 current_frame=103481 (latest sampled frame; resource budgets are consumer-local)
[2026.09.29-16.30.23:567][481]LogTemp: Display: consumer=WM01MissileBatches objects=8 visible=5 target[0/1/2]=5/0/0 applied[0/1/2]=5/0/0 culled[no_view/frustum/invalid/distance/screen]=0/3/0/0/0 budget_limited=0 transition_pending=0 unavailable=0 age_frames=0
[2026.09.29-16.30.23:941][501]LogTemp: Display: Commander LOD views=1 queries=6 view_update_ms=0.014600 view_frame=103501 current_frame=103501 (latest sampled frame; resource budgets are consumer-local)
[2026.09.29-16.30.23:941][501]LogTemp: Display: consumer=WM01MissileBatches objects=6 visible=5 target[0/1/2]=5/0/0 applied[0/1/2]=5/0/0 culled[no_view/frustum/invalid/distance/screen]=0/1/0/0/0 budget_limited=0 transition_pending=0 unavailable=0 age_frames=0
[2026.09.29-16.30.24:289][521]LogTemp: Display: Commander LOD views=1 queries=1 view_update_ms=0.016900 view_frame=103509 current_frame=103521 (latest sampled frame; resource budgets are consumer-local)
[2026.09.29-16.30.24:289][521]LogTemp: Display: consumer=WM01MissileBatches objects=0 visible=0 target[0/1/2]=0/0/0 applied[0/1/2]=0/0/0 culled[no_view/frustum/invalid/distance/screen]=0/0/0/0/0 budget_limited=0 transition_pending=0 unavailable=0 age_frames=0
[2026.09.29-16.30.24:646][541]LogTemp: Display: Commander LOD views=1 queries=1 view_update_ms=0.016900 view_frame=103509 current_frame=103541 (latest sampled frame; resource budgets are consumer-local)
[2026.09.29-16.30.24:646][541]LogTemp: Display: consumer=WM01MissileBatches objects=0 visible=0 target[0/1/2]=0/0/0 applied[0/1/2]=0/0/0 culled[no_view/frustum/invalid/distance/screen]=0/0/0/0/0 budget_limited=0 transition_pending=0 unavailable=0 age_frames=0
[2026.09.29-16.30.24:993][561]LogTemp: Display: Commander LOD views=1 queries=1 view_update_ms=0.016900 view_frame=103509 current_frame=103561 (latest sampled frame; resource budgets are consumer-local)
[2026.09.29-16.30.24:993][561]LogTemp: Display: consumer=WM01MissileBatches objects=0 visible=0 target[0/1/2]=0/0/0 applied[0/1/2]=0/0/0 culled[no_view/frustum/invalid/distance/screen]=0/0/0/0/0 budget_limited=0 transition_pending=0 unavailable=0 age_frames=0
[2026.09.29-16.30.25:005][561]LogPython: CommanderLOD probe finished lod0-tracked
[2026.09.29-16.30.35:585][284]LogTemp: Display: Commander LOD views=1 queries=8 view_update_ms=0.017300 view_frame=104284 current_frame=104284 (latest sampled frame; resource budgets are consumer-local)
[2026.09.29-16.30.35:585][284]LogTemp: Display: consumer=WM01MissileBatches objects=8 visible=8 target[0/1/2]=0/5/3 applied[0/1/2]=0/5/3 culled[no_view/frustum/invalid/distance/screen]=0/0/0/0/0 budget_limited=0 transition_pending=0 unavailable=0 age_frames=0
[2026.09.29-16.30.35:928][306]LogTemp: Display: Commander LOD views=1 queries=8 view_update_ms=0.016500 view_frame=104306 current_frame=104306 (latest sampled frame; resource budgets are consumer-local)
[2026.09.29-16.30.35:928][306]LogTemp: Display: consumer=WM01MissileBatches objects=8 visible=8 target[0/1/2]=0/5/3 applied[0/1/2]=0/5/3 culled[no_view/frustum/invalid/distance/screen]=0/0/0/0/0 budget_limited=0 transition_pending=0 unavailable=0 age_frames=0
[2026.09.29-16.30.36:267][328]LogTemp: Display: Commander LOD views=1 queries=8 view_update_ms=0.014500 view_frame=104328 current_frame=104328 (latest sampled frame; resource budgets are consumer-local)
[2026.09.29-16.30.36:267][328]LogTemp: Display: consumer=WM01MissileBatches objects=8 visible=8 target[0/1/2]=0/6/2 applied[0/1/2]=0/6/2 culled[no_view/frustum/invalid/distance/screen]=0/0/0/0/0 budget_limited=0 transition_pending=0 unavailable=0 age_frames=0
[2026.09.29-16.30.36:635][351]LogTemp: Display: Commander LOD views=1 queries=8 view_update_ms=0.011200 view_frame=104351 current_frame=104351 (latest sampled frame; resource budgets are consumer-local)
[2026.09.29-16.30.36:635][351]LogTemp: Display: consumer=WM01MissileBatches objects=8 visible=8 target[0/1/2]=0/7/1 applied[0/1/2]=0/7/1 culled[no_view/frustum/invalid/distance/screen]=0/0/0/0/0 budget_limited=0 transition_pending=0 unavailable=0 age_frames=0
[2026.09.29-16.30.36:975][371]LogTemp: Display: Commander LOD views=1 queries=8 view_update_ms=0.015800 view_frame=104371 current_frame=104371 (latest sampled frame; resource budgets are consumer-local)
[2026.09.29-16.30.36:975][371]LogTemp: Display: consumer=WM01MissileBatches objects=8 visible=8 target[0/1/2]=0/7/1 applied[0/1/2]=0/7/1 culled[no_view/frustum/invalid/distance/screen]=0/0/0/0/0 budget_limited=0 transition_pending=0 unavailable=0 age_frames=0
[2026.09.29-16.30.37:324][391]LogTemp: Display: Commander LOD views=1 queries=8 view_update_ms=0.008400 view_frame=104391 current_frame=104391 (latest sampled frame; resource budgets are consumer-local)
[2026.09.29-16.30.37:324][391]LogTemp: Display: consumer=WM01MissileBatches objects=8 visible=8 target[0/1/2]=0/7/1 applied[0/1/2]=0/7/1 culled[no_view/frustum/invalid/distance/screen]=0/0/0/0/0 budget_limited=0 transition_pending=0 unavailable=0 age_frames=0
[2026.09.29-16.30.37:682][411]LogTemp: Display: Commander LOD views=1 queries=8 view_update_ms=0.018600 view_frame=104411 current_frame=104411 (latest sampled frame; resource budgets are consumer-local)
[2026.09.29-16.30.37:682][411]LogTemp: Display: consumer=WM01MissileBatches objects=8 visible=8 target[0/1/2]=0/7/1 applied[0/1/2]=0/7/1 culled[no_view/frustum/invalid/distance/screen]=0/0/0/0/0 budget_limited=0 transition_pending=0 unavailable=0 age_frames=0
[2026.09.29-16.30.38:045][431]LogTemp: Display: Commander LOD views=1 queries=8 view_update_ms=0.014800 view_frame=104431 current_frame=104431 (latest sampled frame; resource budgets are consumer-local)
[2026.09.29-16.30.38:045][431]LogTemp: Display: consumer=WM01MissileBatches objects=8 visible=8 target[0/1/2]=0/7/1 applied[0/1/2]=0/7/1 culled[no_view/frustum/invalid/distance/screen]=0/0/0/0/0 budget_limited=0 transition_pending=0 unavailable=0 age_frames=0
[2026.09.29-16.30.38:391][451]LogTemp: Display: Commander LOD views=1 queries=8 view_update_ms=0.013100 view_frame=104451 current_frame=104451 (latest sampled frame; resource budgets are consumer-local)
[2026.09.29-16.30.38:392][451]LogTemp: Display: consumer=WM01MissileBatches objects=8 visible=8 target[0/1/2]=0/7/1 applied[0/1/2]=0/7/1 culled[no_view/frustum/invalid/distance/screen]=0/0/0/0/0 budget_limited=0 transition_pending=0 unavailable=0 age_frames=0
[2026.09.29-16.30.38:755][470]LogTemp: Display: Commander LOD views=1 queries=8 view_update_ms=0.017700 view_frame=104470 current_frame=104470 (latest sampled frame; resource budgets are consumer-local)
[2026.09.29-16.30.38:755][470]LogTemp: Display: consumer=WM01MissileBatches objects=8 visible=8 target[0/1/2]=0/7/1 applied[0/1/2]=0/7/1 culled[no_view/frustum/invalid/distance/screen]=0/0/0/0/0 budget_limited=0 transition_pending=0 unavailable=0 age_frames=0
[2026.09.29-16.30.39:115][490]LogTemp: Display: Commander LOD views=1 queries=8 view_update_ms=0.013700 view_frame=104490 current_frame=104490 (latest sampled frame; resource budgets are consumer-local)
[2026.09.29-16.30.39:115][490]LogTemp: Display: consumer=WM01MissileBatches objects=8 visible=8 target[0/1/2]=0/7/1 applied[0/1/2]=0/7/1 culled[no_view/frustum/invalid/distance/screen]=0/0/0/0/0 budget_limited=0 transition_pending=0 unavailable=0 age_frames=0
[2026.09.29-16.30.39:467][510]LogTemp: Display: Commander LOD views=1 queries=2 view_update_ms=0.017800 view_frame=104503 current_frame=104510 (latest sampled frame; resource budgets are consumer-local)
[2026.09.29-16.30.39:467][510]LogTemp: Display: consumer=WM01MissileBatches objects=0 visible=0 target[0/1/2]=0/0/0 applied[0/1/2]=0/0/0 culled[no_view/frustum/invalid/distance/screen]=0/0/0/0/0 budget_limited=0 transition_pending=0 unavailable=0 age_frames=0
[2026.09.29-16.30.39:819][530]LogTemp: Display: Commander LOD views=1 queries=2 view_update_ms=0.017800 view_frame=104503 current_frame=104530 (latest sampled frame; resource budgets are consumer-local)
[2026.09.29-16.30.39:819][530]LogTemp: Display: consumer=WM01MissileBatches objects=0 visible=0 target[0/1/2]=0/0/0 applied[0/1/2]=0/0/0 culled[no_view/frustum/invalid/distance/screen]=0/0/0/0/0 budget_limited=0 transition_pending=0 unavailable=0 age_frames=0
[2026.09.29-16.30.40:174][550]LogTemp: Display: Commander LOD views=1 queries=2 view_update_ms=0.017800 view_frame=104503 current_frame=104550 (latest sampled frame; resource budgets are consumer-local)
[2026.09.29-16.30.40:174][550]LogTemp: Display: consumer=WM01MissileBatches objects=0 visible=0 target[0/1/2]=0/0/0 applied[0/1/2]=0/0/0 culled[no_view/frustum/invalid/distance/screen]=0/0/0/0/0 budget_limited=0 transition_pending=0 unavailable=0 age_frames=0
[2026.09.29-16.30.40:310][557]LogPython: CommanderLOD probe finished lod1-tracked
[2026.09.29-16.30.57:393][462]LogTemp: Display: Commander LOD views=1 queries=7 view_update_ms=0.016400 view_frame=105462 current_frame=105462 (latest sampled frame; resource budgets are consumer-local)
[2026.09.29-16.30.57:393][462]LogTemp: Display: consumer=WM01MissileBatches objects=7 visible=4 target[0/1/2]=0/0/4 applied[0/1/2]=0/0/4 culled[no_view/frustum/invalid/distance/screen]=0/0/0/3/0 budget_limited=0 transition_pending=0 unavailable=0 age_frames=0
[2026.09.29-16.30.57:749][484]LogTemp: Display: Commander LOD views=1 queries=7 view_update_ms=0.020600 view_frame=105484 current_frame=105484 (latest sampled frame; resource budgets are consumer-local)
[2026.09.29-16.30.57:749][484]LogTemp: Display: consumer=WM01MissileBatches objects=7 visible=4 target[0/1/2]=0/0/4 applied[0/1/2]=0/0/4 culled[no_view/frustum/invalid/distance/screen]=0/0/0/3/0 budget_limited=0 transition_pending=0 unavailable=0 age_frames=0
[2026.09.29-16.30.58:097][505]LogTemp: Display: Commander LOD views=1 queries=7 view_update_ms=0.011200 view_frame=105505 current_frame=105505 (latest sampled frame; resource budgets are consumer-local)
[2026.09.29-16.30.58:097][505]LogTemp: Display: consumer=WM01MissileBatches objects=7 visible=6 target[0/1/2]=0/0/6 applied[0/1/2]=0/0/6 culled[no_view/frustum/invalid/distance/screen]=0/0/0/1/0 budget_limited=0 transition_pending=0 unavailable=0 age_frames=0
[2026.09.29-16.30.58:461][528]LogTemp: Display: Commander LOD views=1 queries=7 view_update_ms=0.014600 view_frame=105528 current_frame=105528 (latest sampled frame; resource budgets are consumer-local)
[2026.09.29-16.30.58:461][528]LogTemp: Display: consumer=WM01MissileBatches objects=7 visible=6 target[0/1/2]=0/0/6 applied[0/1/2]=0/0/6 culled[no_view/frustum/invalid/distance/screen]=0/0/0/1/0 budget_limited=0 transition_pending=0 unavailable=0 age_frames=0
[2026.09.29-16.30.58:823][551]LogTemp: Display: Commander LOD views=1 queries=7 view_update_ms=0.009100 view_frame=105551 current_frame=105551 (latest sampled frame; resource budgets are consumer-local)
[2026.09.29-16.30.58:823][551]LogTemp: Display: consumer=WM01MissileBatches objects=7 visible=6 target[0/1/2]=0/0/6 applied[0/1/2]=0/0/6 culled[no_view/frustum/invalid/distance/screen]=0/0/0/1/0 budget_limited=0 transition_pending=0 unavailable=0 age_frames=0
[2026.09.29-16.30.59:175][574]LogTemp: Display: Commander LOD views=1 queries=7 view_update_ms=0.014700 view_frame=105574 current_frame=105574 (latest sampled frame; resource budgets are consumer-local)
[2026.09.29-16.30.59:175][574]LogTemp: Display: consumer=WM01MissileBatches objects=7 visible=6 target[0/1/2]=0/0/6 applied[0/1/2]=0/0/6 culled[no_view/frustum/invalid/distance/screen]=0/0/0/1/0 budget_limited=0 transition_pending=0 unavailable=0 age_frames=0
[2026.09.29-16.30.59:535][597]LogTemp: Display: Commander LOD views=1 queries=7 view_update_ms=0.012400 view_frame=105597 current_frame=105597 (latest sampled frame; resource budgets are consumer-local)
[2026.09.29-16.30.59:535][597]LogTemp: Display: consumer=WM01MissileBatches objects=7 visible=6 target[0/1/2]=0/0/6 applied[0/1/2]=0/0/6 culled[no_view/frustum/invalid/distance/screen]=0/0/0/1/0 budget_limited=0 transition_pending=0 unavailable=0 age_frames=0
[2026.09.29-16.30.59:901][621]LogTemp: Display: Commander LOD views=1 queries=7 view_update_ms=0.016300 view_frame=105621 current_frame=105621 (latest sampled frame; resource budgets are consumer-local)
[2026.09.29-16.30.59:901][621]LogTemp: Display: consumer=WM01MissileBatches objects=7 visible=6 target[0/1/2]=0/0/6 applied[0/1/2]=0/0/6 culled[no_view/frustum/invalid/distance/screen]=0/0/0/1/0 budget_limited=0 transition_pending=0 unavailable=0 age_frames=0
[2026.09.29-16.31.00:270][645]LogTemp: Display: Commander LOD views=1 queries=7 view_update_ms=0.013900 view_frame=105645 current_frame=105645 (latest sampled frame; resource budgets are consumer-local)
[2026.09.29-16.31.00:270][645]LogTemp: Display: consumer=WM01MissileBatches objects=7 visible=6 target[0/1/2]=0/0/6 applied[0/1/2]=0/0/6 culled[no_view/frustum/invalid/distance/screen]=0/0/0/1/0 budget_limited=0 transition_pending=0 unavailable=0 age_frames=0
[2026.09.29-16.31.00:630][669]LogTemp: Display: Commander LOD views=1 queries=7 view_update_ms=0.014400 view_frame=105669 current_frame=105669 (latest sampled frame; resource budgets are consumer-local)
[2026.09.29-16.31.00:630][669]LogTemp: Display: consumer=WM01MissileBatches objects=7 visible=6 target[0/1/2]=0/0/6 applied[0/1/2]=0/0/6 culled[no_view/frustum/invalid/distance/screen]=0/0/0/1/0 budget_limited=0 transition_pending=0 unavailable=0 age_frames=0
[2026.09.29-16.31.00:983][693]LogTemp: Display: Commander LOD views=1 queries=7 view_update_ms=0.017300 view_frame=105693 current_frame=105693 (latest sampled frame; resource budgets are consumer-local)
[2026.09.29-16.31.00:983][693]LogTemp: Display: consumer=WM01MissileBatches objects=7 visible=6 target[0/1/2]=0/0/6 applied[0/1/2]=0/0/6 culled[no_view/frustum/invalid/distance/screen]=0/0/0/1/0 budget_limited=0 transition_pending=0 unavailable=0 age_frames=0
[2026.09.29-16.31.01:343][716]LogTemp: Display: Commander LOD views=1 queries=1 view_update_ms=0.015400 view_frame=105706 current_frame=105716 (latest sampled frame; resource budgets are consumer-local)
[2026.09.29-16.31.01:343][716]LogTemp: Display: consumer=WM01MissileBatches objects=0 visible=0 target[0/1/2]=0/0/0 applied[0/1/2]=0/0/0 culled[no_view/frustum/invalid/distance/screen]=0/0/0/0/0 budget_limited=0 transition_pending=0 unavailable=0 age_frames=0
[2026.09.29-16.31.01:685][738]LogTemp: Display: Commander LOD views=1 queries=1 view_update_ms=0.015400 view_frame=105706 current_frame=105738 (latest sampled frame; resource budgets are consumer-local)
[2026.09.29-16.31.01:685][738]LogTemp: Display: consumer=WM01MissileBatches objects=0 visible=0 target[0/1/2]=0/0/0 applied[0/1/2]=0/0/0 culled[no_view/frustum/invalid/distance/screen]=0/0/0/0/0 budget_limited=0 transition_pending=0 unavailable=0 age_frames=0
[2026.09.29-16.31.02:051][762]LogTemp: Display: Commander LOD views=1 queries=1 view_update_ms=0.015400 view_frame=105706 current_frame=105762 (latest sampled frame; resource budgets are consumer-local)
[2026.09.29-16.31.02:051][762]LogTemp: Display: consumer=WM01MissileBatches objects=0 visible=0 target[0/1/2]=0/0/0 applied[0/1/2]=0/0/0 culled[no_view/frustum/invalid/distance/screen]=0/0/0/0/0 budget_limited=0 transition_pending=0 unavailable=0 age_frames=0
[2026.09.29-16.31.02:133][767]LogPython: CommanderLOD probe finished lod2-tracked
[2026.09.29-16.31.29:238][380]LogTemp: Display: Commander LOD views=1 queries=6 view_update_ms=0.017900 view_frame=107380 current_frame=107380 (latest sampled frame; resource budgets are consumer-local)
[2026.09.29-16.31.29:238][380]LogTemp: Display: consumer=WM01MissileBatches objects=6 visible=5 target[0/1/2]=3/2/0 applied[0/1/2]=0/5/0 culled[no_view/frustum/invalid/distance/screen]=0/1/0/0/0 budget_limited=0 transition_pending=3 unavailable=0 age_frames=0
[2026.09.29-16.31.29:588][401]LogTemp: Display: Commander LOD views=1 queries=6 view_update_ms=0.015800 view_frame=107401 current_frame=107401 (latest sampled frame; resource budgets are consumer-local)
[2026.09.29-16.31.29:588][401]LogTemp: Display: consumer=WM01MissileBatches objects=6 visible=5 target[0/1/2]=3/2/0 applied[0/1/2]=0/5/0 culled[no_view/frustum/invalid/distance/screen]=0/1/0/0/0 budget_limited=3 transition_pending=0 unavailable=0 age_frames=0
[2026.09.29-16.31.29:939][424]LogTemp: Display: Commander LOD views=1 queries=6 view_update_ms=0.034500 view_frame=107424 current_frame=107424 (latest sampled frame; resource budgets are consumer-local)
[2026.09.29-16.31.29:939][424]LogTemp: Display: consumer=WM01MissileBatches objects=6 visible=5 target[0/1/2]=3/2/0 applied[0/1/2]=0/5/0 culled[no_view/frustum/invalid/distance/screen]=0/1/0/0/0 budget_limited=3 transition_pending=0 unavailable=0 age_frames=0
[2026.09.29-16.31.30:288][446]LogTemp: Display: Commander LOD views=1 queries=6 view_update_ms=0.016500 view_frame=107446 current_frame=107446 (latest sampled frame; resource budgets are consumer-local)
[2026.09.29-16.31.30:288][446]LogTemp: Display: consumer=WM01MissileBatches objects=6 visible=5 target[0/1/2]=3/2/0 applied[0/1/2]=0/5/0 culled[no_view/frustum/invalid/distance/screen]=0/1/0/0/0 budget_limited=3 transition_pending=0 unavailable=0 age_frames=0
[2026.09.29-16.31.30:636][469]LogTemp: Display: Commander LOD views=1 queries=6 view_update_ms=0.013400 view_frame=107469 current_frame=107469 (latest sampled frame; resource budgets are consumer-local)
[2026.09.29-16.31.30:636][469]LogTemp: Display: consumer=WM01MissileBatches objects=6 visible=5 target[0/1/2]=4/1/0 applied[0/1/2]=0/5/0 culled[no_view/frustum/invalid/distance/screen]=0/1/0/0/0 budget_limited=4 transition_pending=0 unavailable=0 age_frames=0
[2026.09.29-16.31.31:002][493]LogTemp: Display: Commander LOD views=1 queries=6 view_update_ms=0.013800 view_frame=107493 current_frame=107493 (latest sampled frame; resource budgets are consumer-local)
[2026.09.29-16.31.31:002][493]LogTemp: Display: consumer=WM01MissileBatches objects=6 visible=5 target[0/1/2]=4/1/0 applied[0/1/2]=0/5/0 culled[no_view/frustum/invalid/distance/screen]=0/1/0/0/0 budget_limited=4 transition_pending=0 unavailable=0 age_frames=0
[2026.09.29-16.31.31:341][515]LogTemp: Display: Commander LOD views=1 queries=6 view_update_ms=0.016100 view_frame=107515 current_frame=107515 (latest sampled frame; resource budgets are consumer-local)
[2026.09.29-16.31.31:341][515]LogTemp: Display: consumer=WM01MissileBatches objects=6 visible=5 target[0/1/2]=4/1/0 applied[0/1/2]=0/5/0 culled[no_view/frustum/invalid/distance/screen]=0/1/0/0/0 budget_limited=4 transition_pending=0 unavailable=0 age_frames=0
[2026.09.29-16.31.31:706][539]LogTemp: Display: Commander LOD views=1 queries=6 view_update_ms=0.014400 view_frame=107539 current_frame=107539 (latest sampled frame; resource budgets are consumer-local)
[2026.09.29-16.31.31:706][539]LogTemp: Display: consumer=WM01MissileBatches objects=6 visible=5 target[0/1/2]=4/1/0 applied[0/1/2]=0/5/0 culled[no_view/frustum/invalid/distance/screen]=0/1/0/0/0 budget_limited=4 transition_pending=0 unavailable=0 age_frames=0
[2026.09.29-16.31.32:066][563]LogTemp: Display: Commander LOD views=1 queries=6 view_update_ms=0.016200 view_frame=107563 current_frame=107563 (latest sampled frame; resource budgets are consumer-local)
[2026.09.29-16.31.32:066][563]LogTemp: Display: consumer=WM01MissileBatches objects=6 visible=5 target[0/1/2]=4/1/0 applied[0/1/2]=0/5/0 culled[no_view/frustum/invalid/distance/screen]=0/1/0/0/0 budget_limited=4 transition_pending=0 unavailable=0 age_frames=0
[2026.09.29-16.31.32:409][585]LogTemp: Display: Commander LOD views=1 queries=6 view_update_ms=0.016400 view_frame=107585 current_frame=107585 (latest sampled frame; resource budgets are consumer-local)
[2026.09.29-16.31.32:409][585]LogTemp: Display: consumer=WM01MissileBatches objects=6 visible=5 target[0/1/2]=3/2/0 applied[0/1/2]=0/5/0 culled[no_view/frustum/invalid/distance/screen]=0/1/0/0/0 budget_limited=3 transition_pending=0 unavailable=0 age_frames=0
[2026.09.29-16.31.32:760][607]LogTemp: Display: Commander LOD views=1 queries=5 view_update_ms=0.016700 view_frame=107607 current_frame=107607 (latest sampled frame; resource budgets are consumer-local)
[2026.09.29-16.31.32:760][607]LogTemp: Display: consumer=WM01MissileBatches objects=5 visible=4 target[0/1/2]=3/1/0 applied[0/1/2]=0/4/0 culled[no_view/frustum/invalid/distance/screen]=0/1/0/0/0 budget_limited=3 transition_pending=0 unavailable=0 age_frames=0
[2026.09.29-16.31.33:121][631]LogTemp: Display: Commander LOD views=1 queries=1 view_update_ms=0.017800 view_frame=107626 current_frame=107631 (latest sampled frame; resource budgets are consumer-local)
[2026.09.29-16.31.33:121][631]LogTemp: Display: consumer=WM01MissileBatches objects=0 visible=0 target[0/1/2]=0/0/0 applied[0/1/2]=0/0/0 culled[no_view/frustum/invalid/distance/screen]=0/0/0/0/0 budget_limited=0 transition_pending=0 unavailable=0 age_frames=0
[2026.09.29-16.31.33:478][655]LogTemp: Display: Commander LOD views=1 queries=1 view_update_ms=0.017800 view_frame=107626 current_frame=107655 (latest sampled frame; resource budgets are consumer-local)
[2026.09.29-16.31.33:478][655]LogTemp: Display: consumer=WM01MissileBatches objects=0 visible=0 target[0/1/2]=0/0/0 applied[0/1/2]=0/0/0 culled[no_view/frustum/invalid/distance/screen]=0/0/0/0/0 budget_limited=0 transition_pending=0 unavailable=0 age_frames=0
[2026.09.29-16.31.33:827][679]LogTemp: Display: Commander LOD views=1 queries=1 view_update_ms=0.017800 view_frame=107626 current_frame=107679 (latest sampled frame; resource budgets are consumer-local)
[2026.09.29-16.31.33:827][679]LogTemp: Display: consumer=WM01MissileBatches objects=0 visible=0 target[0/1/2]=0/0/0 applied[0/1/2]=0/0/0 culled[no_view/frustum/invalid/distance/screen]=0/0/0/0/0 budget_limited=0 transition_pending=0 unavailable=0 age_frames=0
[2026.09.29-16.31.33:959][688]LogPython: CommanderLOD probe finished budget-zero-full
[2026.09.29-16.31.53:999][912]LogTemp: Display: Commander LOD views=1 queries=5 view_update_ms=0.015600 view_frame=108912 current_frame=108912 (latest sampled frame; resource budgets are consumer-local)
[2026.09.29-16.31.53:999][912]LogTemp: Display: consumer=WM01MissileBatches objects=5 visible=4 target[0/1/2]=3/1/0 applied[0/1/2]=3/1/0 culled[no_view/frustum/invalid/distance/screen]=0/1/0/0/0 budget_limited=0 transition_pending=0 unavailable=0 age_frames=0
[2026.09.29-16.31.54:352][931]LogTemp: Display: Commander LOD views=1 queries=5 view_update_ms=0.015100 view_frame=108931 current_frame=108931 (latest sampled frame; resource budgets are consumer-local)
[2026.09.29-16.31.54:353][931]LogTemp: Display: consumer=WM01MissileBatches objects=5 visible=1 target[0/1/2]=1/0/0 applied[0/1/2]=1/0/0 culled[no_view/frustum/invalid/distance/screen]=0/4/0/0/0 budget_limited=0 transition_pending=0 unavailable=0 age_frames=0
[2026.09.29-16.31.54:711][951]LogTemp: Display: Commander LOD views=1 queries=5 view_update_ms=0.018400 view_frame=108951 current_frame=108951 (latest sampled frame; resource budgets are consumer-local)
[2026.09.29-16.31.54:711][951]LogTemp: Display: consumer=WM01MissileBatches objects=5 visible=4 target[0/1/2]=3/1/0 applied[0/1/2]=3/1/0 culled[no_view/frustum/invalid/distance/screen]=0/1/0/0/0 budget_limited=0 transition_pending=0 unavailable=0 age_frames=0
[2026.09.29-16.31.55:079][971]LogTemp: Display: Commander LOD views=1 queries=5 view_update_ms=0.013700 view_frame=108971 current_frame=108971 (latest sampled frame; resource budgets are consumer-local)
[2026.09.29-16.31.55:079][971]LogTemp: Display: consumer=WM01MissileBatches objects=5 visible=4 target[0/1/2]=3/1/0 applied[0/1/2]=3/1/0 culled[no_view/frustum/invalid/distance/screen]=0/1/0/0/0 budget_limited=0 transition_pending=0 unavailable=0 age_frames=0
[2026.09.29-16.31.55:450][991]LogTemp: Display: Commander LOD views=1 queries=5 view_update_ms=0.032500 view_frame=108991 current_frame=108991 (latest sampled frame; resource budgets are consumer-local)
[2026.09.29-16.31.55:450][991]LogTemp: Display: consumer=WM01MissileBatches objects=5 visible=4 target[0/1/2]=3/1/0 applied[0/1/2]=3/1/0 culled[no_view/frustum/invalid/distance/screen]=0/1/0/0/0 budget_limited=0 transition_pending=0 unavailable=0 age_frames=0
[2026.09.29-16.31.55:799][ 10]LogTemp: Display: Commander LOD views=1 queries=5 view_update_ms=0.015600 view_frame=109010 current_frame=109010 (latest sampled frame; resource budgets are consumer-local)
[2026.09.29-16.31.55:799][ 10]LogTemp: Display: consumer=WM01MissileBatches objects=5 visible=4 target[0/1/2]=3/1/0 applied[0/1/2]=3/1/0 culled[no_view/frustum/invalid/distance/screen]=0/1/0/0/0 budget_limited=0 transition_pending=0 unavailable=0 age_frames=0
[2026.09.29-16.31.56:165][ 30]LogTemp: Display: Commander LOD views=1 queries=5 view_update_ms=0.015500 view_frame=109030 current_frame=109030 (latest sampled frame; resource budgets are consumer-local)
[2026.09.29-16.31.56:166][ 30]LogTemp: Display: consumer=WM01MissileBatches objects=5 visible=4 target[0/1/2]=3/1/0 applied[0/1/2]=3/1/0 culled[no_view/frustum/invalid/distance/screen]=0/1/0/0/0 budget_limited=0 transition_pending=0 unavailable=0 age_frames=0
[2026.09.29-16.31.56:512][ 48]LogTemp: Display: Commander LOD views=1 queries=5 view_update_ms=0.019600 view_frame=109048 current_frame=109048 (latest sampled frame; resource budgets are consumer-local)
[2026.09.29-16.31.56:512][ 48]LogTemp: Display: consumer=WM01MissileBatches objects=5 visible=4 target[0/1/2]=3/1/0 applied[0/1/2]=3/1/0 culled[no_view/frustum/invalid/distance/screen]=0/1/0/0/0 budget_limited=0 transition_pending=0 unavailable=0 age_frames=0
[2026.09.29-16.31.56:894][ 68]LogTemp: Display: Commander LOD views=1 queries=5 view_update_ms=0.019000 view_frame=109068 current_frame=109068 (latest sampled frame; resource budgets are consumer-local)
[2026.09.29-16.31.56:894][ 68]LogTemp: Display: consumer=WM01MissileBatches objects=5 visible=4 target[0/1/2]=3/1/0 applied[0/1/2]=3/1/0 culled[no_view/frustum/invalid/distance/screen]=0/1/0/0/0 budget_limited=0 transition_pending=0 unavailable=0 age_frames=0
[2026.09.29-16.31.57:257][ 87]LogTemp: Display: Commander LOD views=1 queries=5 view_update_ms=0.022100 view_frame=109087 current_frame=109087 (latest sampled frame; resource budgets are consumer-local)
[2026.09.29-16.31.57:257][ 87]LogTemp: Display: consumer=WM01MissileBatches objects=5 visible=3 target[0/1/2]=2/1/0 applied[0/1/2]=2/1/0 culled[no_view/frustum/invalid/distance/screen]=0/2/0/0/0 budget_limited=0 transition_pending=0 unavailable=0 age_frames=0
[2026.09.29-16.31.57:622][107]LogTemp: Display: Commander LOD views=1 queries=4 view_update_ms=0.007100 view_frame=109107 current_frame=109107 (latest sampled frame; resource budgets are consumer-local)
[2026.09.29-16.31.57:622][107]LogTemp: Display: consumer=WM01MissileBatches objects=4 visible=3 target[0/1/2]=2/1/0 applied[0/1/2]=2/1/0 culled[no_view/frustum/invalid/distance/screen]=0/1/0/0/0 budget_limited=0 transition_pending=0 unavailable=0 age_frames=0
[2026.09.29-16.31.57:973][127]LogTemp: Display: Commander LOD views=1 queries=2 view_update_ms=0.017200 view_frame=109116 current_frame=109127 (latest sampled frame; resource budgets are consumer-local)
[2026.09.29-16.31.57:973][127]LogTemp: Display: consumer=WM01MissileBatches objects=0 visible=0 target[0/1/2]=0/0/0 applied[0/1/2]=0/0/0 culled[no_view/frustum/invalid/distance/screen]=0/0/0/0/0 budget_limited=0 transition_pending=0 unavailable=0 age_frames=0
[2026.09.29-16.31.58:353][149]LogTemp: Display: Commander LOD views=1 queries=2 view_update_ms=0.017200 view_frame=109116 current_frame=109149 (latest sampled frame; resource budgets are consumer-local)
[2026.09.29-16.31.58:353][149]LogTemp: Display: consumer=WM01MissileBatches objects=0 visible=0 target[0/1/2]=0/0/0 applied[0/1/2]=0/0/0 culled[no_view/frustum/invalid/distance/screen]=0/0/0/0/0 budget_limited=0 transition_pending=0 unavailable=0 age_frames=0
[2026.09.29-16.31.58:686][169]LogTemp: Display: Commander LOD views=1 queries=2 view_update_ms=0.017200 view_frame=109116 current_frame=109169 (latest sampled frame; resource budgets are consumer-local)
[2026.09.29-16.31.58:686][169]LogTemp: Display: consumer=WM01MissileBatches objects=0 visible=0 target[0/1/2]=0/0/0 applied[0/1/2]=0/0/0 culled[no_view/frustum/invalid/distance/screen]=0/0/0/0/0 budget_limited=0 transition_pending=0 unavailable=0 age_frames=0
[2026.09.29-16.31.58:724][171]LogPython: CommanderLOD probe finished offscreen-recovery
[2026.09.29-16.32.21:785][645]LogTemp: Display: Commander LOD views=1 queries=5 view_update_ms=0.019200 view_frame=110645 current_frame=110645 (latest sampled frame; resource budgets are consumer-local)
[2026.09.29-16.32.21:785][645]LogTemp: Display: consumer=WM01MissileBatches objects=5 visible=4 target[0/1/2]=3/1/0 applied[0/1/2]=3/1/0 culled[no_view/frustum/invalid/distance/screen]=0/1/0/0/0 budget_limited=0 transition_pending=0 unavailable=0 age_frames=0
[2026.09.29-16.32.22:146][664]LogTemp: Display: Commander LOD views=1 queries=5 view_update_ms=0.023400 view_frame=110664 current_frame=110664 (latest sampled frame; resource budgets are consumer-local)
[2026.09.29-16.32.22:146][664]LogTemp: Display: consumer=WM01MissileBatches objects=5 visible=3 target[0/1/2]=0/2/1 applied[0/1/2]=0/2/1 culled[no_view/frustum/invalid/distance/screen]=0/0/0/2/0 budget_limited=0 transition_pending=0 unavailable=0 age_frames=0
[2026.09.29-16.32.22:508][682]LogTemp: Display: Commander LOD views=1 queries=5 view_update_ms=0.017700 view_frame=110682 current_frame=110682 (latest sampled frame; resource budgets are consumer-local)
[2026.09.29-16.32.22:509][682]LogTemp: Display: consumer=WM01MissileBatches objects=5 visible=4 target[0/1/2]=0/2/2 applied[0/1/2]=0/2/2 culled[no_view/frustum/invalid/distance/screen]=0/0/0/1/0 budget_limited=0 transition_pending=0 unavailable=0 age_frames=0
[2026.09.29-16.32.22:855][700]LogTemp: Display: Commander LOD views=1 queries=5 view_update_ms=0.016500 view_frame=110700 current_frame=110700 (latest sampled frame; resource budgets are consumer-local)
[2026.09.29-16.32.22:855][700]LogTemp: Display: consumer=WM01MissileBatches objects=5 visible=4 target[0/1/2]=0/2/2 applied[0/1/2]=0/2/2 culled[no_view/frustum/invalid/distance/screen]=0/0/0/1/0 budget_limited=0 transition_pending=0 unavailable=0 age_frames=0
[2026.09.29-16.32.23:244][720]LogTemp: Display: Commander LOD views=1 queries=5 view_update_ms=0.025100 view_frame=110720 current_frame=110720 (latest sampled frame; resource budgets are consumer-local)
[2026.09.29-16.32.23:244][720]LogTemp: Display: consumer=WM01MissileBatches objects=5 visible=4 target[0/1/2]=0/2/2 applied[0/1/2]=0/2/2 culled[no_view/frustum/invalid/distance/screen]=0/0/0/1/0 budget_limited=0 transition_pending=0 unavailable=0 age_frames=0
[2026.09.29-16.32.23:616][740]LogTemp: Display: Commander LOD views=1 queries=5 view_update_ms=0.011700 view_frame=110740 current_frame=110740 (latest sampled frame; resource budgets are consumer-local)
[2026.09.29-16.32.23:616][740]LogTemp: Display: consumer=WM01MissileBatches objects=5 visible=4 target[0/1/2]=0/2/2 applied[0/1/2]=0/2/2 culled[no_view/frustum/invalid/distance/screen]=0/0/0/1/0 budget_limited=0 transition_pending=0 unavailable=0 age_frames=0
[2026.09.29-16.32.23:973][760]LogTemp: Display: Commander LOD views=1 queries=5 view_update_ms=0.020900 view_frame=110760 current_frame=110760 (latest sampled frame; resource budgets are consumer-local)
[2026.09.29-16.32.23:973][760]LogTemp: Display: consumer=WM01MissileBatches objects=5 visible=4 target[0/1/2]=0/2/2 applied[0/1/2]=0/2/2 culled[no_view/frustum/invalid/distance/screen]=0/0/0/1/0 budget_limited=0 transition_pending=0 unavailable=0 age_frames=0
[2026.09.29-16.32.24:324][780]LogTemp: Display: Commander LOD views=1 queries=5 view_update_ms=0.010900 view_frame=110780 current_frame=110780 (latest sampled frame; resource budgets are consumer-local)
[2026.09.29-16.32.24:324][780]LogTemp: Display: consumer=WM01MissileBatches objects=5 visible=4 target[0/1/2]=0/2/2 applied[0/1/2]=0/2/2 culled[no_view/frustum/invalid/distance/screen]=0/0/0/1/0 budget_limited=0 transition_pending=0 unavailable=0 age_frames=0
[2026.09.29-16.32.24:678][800]LogTemp: Display: Commander LOD views=1 queries=5 view_update_ms=0.014600 view_frame=110800 current_frame=110800 (latest sampled frame; resource budgets are consumer-local)
[2026.09.29-16.32.24:678][800]LogTemp: Display: consumer=WM01MissileBatches objects=5 visible=4 target[0/1/2]=0/2/2 applied[0/1/2]=0/2/2 culled[no_view/frustum/invalid/distance/screen]=0/0/0/1/0 budget_limited=0 transition_pending=0 unavailable=0 age_frames=0
[2026.09.29-16.32.25:021][820]LogTemp: Display: Commander LOD views=1 queries=5 view_update_ms=0.009800 view_frame=110820 current_frame=110820 (latest sampled frame; resource budgets are consumer-local)
[2026.09.29-16.32.25:021][820]LogTemp: Display: consumer=WM01MissileBatches objects=5 visible=4 target[0/1/2]=0/2/2 applied[0/1/2]=0/2/2 culled[no_view/frustum/invalid/distance/screen]=0/0/0/1/0 budget_limited=0 transition_pending=0 unavailable=0 age_frames=0
[2026.09.29-16.32.25:372][840]LogTemp: Display: Commander LOD views=1 queries=5 view_update_ms=0.020400 view_frame=110840 current_frame=110840 (latest sampled frame; resource budgets are consumer-local)
[2026.09.29-16.32.25:372][840]LogTemp: Display: consumer=WM01MissileBatches objects=5 visible=4 target[0/1/2]=0/2/2 applied[0/1/2]=0/2/2 culled[no_view/frustum/invalid/distance/screen]=0/0/0/1/0 budget_limited=0 transition_pending=0 unavailable=0 age_frames=0
[2026.09.29-16.32.25:734][860]LogTemp: Display: Commander LOD views=1 queries=3 view_update_ms=0.016600 view_frame=110851 current_frame=110860 (latest sampled frame; resource budgets are consumer-local)
[2026.09.29-16.32.25:734][860]LogTemp: Display: consumer=WM01MissileBatches objects=0 visible=0 target[0/1/2]=0/0/0 applied[0/1/2]=0/0/0 culled[no_view/frustum/invalid/distance/screen]=0/0/0/0/0 budget_limited=0 transition_pending=0 unavailable=0 age_frames=0
[2026.09.29-16.32.26:083][880]LogTemp: Display: Commander LOD views=1 queries=3 view_update_ms=0.016600 view_frame=110851 current_frame=110880 (latest sampled frame; resource budgets are consumer-local)
[2026.09.29-16.32.26:083][880]LogTemp: Display: consumer=WM01MissileBatches objects=0 visible=0 target[0/1/2]=0/0/0 applied[0/1/2]=0/0/0 culled[no_view/frustum/invalid/distance/screen]=0/0/0/0/0 budget_limited=0 transition_pending=0 unavailable=0 age_frames=0
[2026.09.29-16.32.26:435][900]LogTemp: Display: Commander LOD views=1 queries=3 view_update_ms=0.016600 view_frame=110851 current_frame=110900 (latest sampled frame; resource budgets are consumer-local)
[2026.09.29-16.32.26:435][900]LogTemp: Display: consumer=WM01MissileBatches objects=0 visible=0 target[0/1/2]=0/0/0 applied[0/1/2]=0/0/0 culled[no_view/frustum/invalid/distance/screen]=0/0/0/0/0 budget_limited=0 transition_pending=0 unavailable=0 age_frames=0
[2026.09.29-16.32.26:501][903]LogPython: CommanderLOD probe finished quality-handoff
[2026.09.29-16.33.00:257][  4]LogTemp: Display: Commander LOD views=1 queries=8 view_update_ms=0.025500 view_frame=113004 current_frame=113004 (latest sampled frame; resource budgets are consumer-local)
[2026.09.29-16.33.00:258][  4]LogTemp: Display: consumer=WM01MissileBatches objects=8 visible=5 target[0/1/2]=3/2/0 applied[0/1/2]=3/2/0 culled[no_view/frustum/invalid/distance/screen]=0/3/0/0/0 budget_limited=0 transition_pending=0 unavailable=0 age_frames=0
[2026.09.29-16.33.00:628][ 24]LogTemp: Display: Commander LOD views=1 queries=8 view_update_ms=0.011700 view_frame=113024 current_frame=113024 (latest sampled frame; resource budgets are consumer-local)
[2026.09.29-16.33.00:628][ 24]LogTemp: Display: consumer=WM01MissileBatches objects=8 visible=5 target[0/1/2]=3/2/0 applied[0/1/2]=3/2/0 culled[no_view/frustum/invalid/distance/screen]=0/3/0/0/0 budget_limited=0 transition_pending=0 unavailable=0 age_frames=0
[2026.09.29-16.33.01:000][ 42]LogTemp: Display: Commander LOD views=1 queries=8 view_update_ms=0.018300 view_frame=113042 current_frame=113042 (latest sampled frame; resource budgets are consumer-local)
[2026.09.29-16.33.01:000][ 42]LogTemp: Display: consumer=WM01MissileBatches objects=8 visible=5 target[0/1/2]=4/1/0 applied[0/1/2]=4/1/0 culled[no_view/frustum/invalid/distance/screen]=0/3/0/0/0 budget_limited=0 transition_pending=0 unavailable=0 age_frames=0
[2026.09.29-16.33.01:400][ 60]LogTemp: Display: Commander LOD views=1 queries=8 view_update_ms=0.019300 view_frame=113060 current_frame=113060 (latest sampled frame; resource budgets are consumer-local)
[2026.09.29-16.33.01:400][ 60]LogTemp: Display: consumer=WM01MissileBatches objects=8 visible=6 target[0/1/2]=5/1/0 applied[0/1/2]=5/1/0 culled[no_view/frustum/invalid/distance/screen]=0/2/0/0/0 budget_limited=0 transition_pending=0 unavailable=0 age_frames=0
[2026.09.29-16.33.01:744][ 75]LogTemp: Display: Commander LOD views=1 queries=8 view_update_ms=0.020000 view_frame=113075 current_frame=113075 (latest sampled frame; resource budgets are consumer-local)
[2026.09.29-16.33.01:744][ 75]LogTemp: Display: consumer=WM01MissileBatches objects=8 visible=6 target[0/1/2]=5/1/0 applied[0/1/2]=5/1/0 culled[no_view/frustum/invalid/distance/screen]=0/2/0/0/0 budget_limited=0 transition_pending=0 unavailable=0 age_frames=0
[2026.09.29-16.33.02:096][ 91]LogTemp: Display: Commander LOD views=1 queries=8 view_update_ms=0.026700 view_frame=113091 current_frame=113091 (latest sampled frame; resource budgets are consumer-local)
[2026.09.29-16.33.02:096][ 91]LogTemp: Display: consumer=WM01MissileBatches objects=8 visible=6 target[0/1/2]=5/1/0 applied[0/1/2]=5/1/0 culled[no_view/frustum/invalid/distance/screen]=0/2/0/0/0 budget_limited=0 transition_pending=0 unavailable=0 age_frames=0
[2026.09.29-16.33.02:464][110]LogTemp: Display: Commander LOD views=1 queries=8 view_update_ms=0.020200 view_frame=113110 current_frame=113110 (latest sampled frame; resource budgets are consumer-local)
[2026.09.29-16.33.02:464][110]LogTemp: Display: consumer=WM01MissileBatches objects=8 visible=6 target[0/1/2]=5/1/0 applied[0/1/2]=5/1/0 culled[no_view/frustum/invalid/distance/screen]=0/2/0/0/0 budget_limited=0 transition_pending=0 unavailable=0 age_frames=0
[2026.09.29-16.33.02:813][127]LogTemp: Display: Commander LOD views=1 queries=8 view_update_ms=0.019400 view_frame=113127 current_frame=113127 (latest sampled frame; resource budgets are consumer-local)
[2026.09.29-16.33.02:813][127]LogTemp: Display: consumer=WM01MissileBatches objects=8 visible=6 target[0/1/2]=5/1/0 applied[0/1/2]=5/1/0 culled[no_view/frustum/invalid/distance/screen]=0/2/0/0/0 budget_limited=0 transition_pending=0 unavailable=0 age_frames=0
[2026.09.29-16.33.03:176][145]LogTemp: Display: Commander LOD views=1 queries=8 view_update_ms=0.016200 view_frame=113145 current_frame=113145 (latest sampled frame; resource budgets are consumer-local)
[2026.09.29-16.33.03:176][145]LogTemp: Display: consumer=WM01MissileBatches objects=8 visible=5 target[0/1/2]=4/1/0 applied[0/1/2]=4/1/0 culled[no_view/frustum/invalid/distance/screen]=0/3/0/0/0 budget_limited=0 transition_pending=0 unavailable=0 age_frames=0
[2026.09.29-16.33.03:530][164]LogTemp: Display: Commander LOD views=1 queries=8 view_update_ms=0.009800 view_frame=113164 current_frame=113164 (latest sampled frame; resource budgets are consumer-local)
[2026.09.29-16.33.03:530][164]LogTemp: Display: consumer=WM01MissileBatches objects=8 visible=5 target[0/1/2]=4/1/0 applied[0/1/2]=4/1/0 culled[no_view/frustum/invalid/distance/screen]=0/3/0/0/0 budget_limited=0 transition_pending=0 unavailable=0 age_frames=0
[2026.09.29-16.33.03:900][184]LogTemp: Display: Commander LOD views=1 queries=6 view_update_ms=0.020100 view_frame=113184 current_frame=113184 (latest sampled frame; resource budgets are consumer-local)
[2026.09.29-16.33.03:900][184]LogTemp: Display: consumer=WM01MissileBatches objects=6 visible=4 target[0/1/2]=4/0/0 applied[0/1/2]=4/0/0 culled[no_view/frustum/invalid/distance/screen]=0/2/0/0/0 budget_limited=0 transition_pending=0 unavailable=0 age_frames=0
[2026.09.29-16.33.04:263][204]LogTemp: Display: Commander LOD views=1 queries=3 view_update_ms=0.008800 view_frame=113191 current_frame=113204 (latest sampled frame; resource budgets are consumer-local)
[2026.09.29-16.33.04:263][204]LogTemp: Display: consumer=WM01MissileBatches objects=0 visible=0 target[0/1/2]=0/0/0 applied[0/1/2]=0/0/0 culled[no_view/frustum/invalid/distance/screen]=0/0/0/0/0 budget_limited=0 transition_pending=0 unavailable=0 age_frames=0
[2026.09.29-16.33.04:602][223]LogTemp: Display: Commander LOD views=1 queries=3 view_update_ms=0.008800 view_frame=113191 current_frame=113223 (latest sampled frame; resource budgets are consumer-local)
[2026.09.29-16.33.04:602][223]LogTemp: Display: consumer=WM01MissileBatches objects=0 visible=0 target[0/1/2]=0/0/0 applied[0/1/2]=0/0/0 culled[no_view/frustum/invalid/distance/screen]=0/0/0/0/0 budget_limited=0 transition_pending=0 unavailable=0 age_frames=0
[2026.09.29-16.33.04:956][243]LogTemp: Display: Commander LOD views=1 queries=3 view_update_ms=0.008800 view_frame=113191 current_frame=113243 (latest sampled frame; resource budgets are consumer-local)
[2026.09.29-16.33.04:956][243]LogTemp: Display: consumer=WM01MissileBatches objects=0 visible=0 target[0/1/2]=0/0/0 applied[0/1/2]=0/0/0 culled[no_view/frustum/invalid/distance/screen]=0/0/0/0/0 budget_limited=0 transition_pending=0 unavailable=0 age_frames=0
[2026.09.29-16.33.05:013][245]LogPython: CommanderLOD probe finished gpu-dissipation
[2026.09.29-16.34.05:433][ 15]LogTemp: Display: Commander LOD views=1 queries=3 view_update_ms=0.008800 view_frame=113191 current_frame=117015 (latest sampled frame; resource budgets are consumer-local)
[2026.09.29-16.34.05:433][ 15]LogTemp: Display: consumer=WM01MissileBatches objects=0 visible=0 target[0/1/2]=0/0/0 applied[0/1/2]=0/0/0 culled[no_view/frustum/invalid/distance/screen]=0/0/0/0/0 budget_limited=0 transition_pending=0 unavailable=0 age_frames=1
