Log started at 10/03/2026 20:16:28 (2026-10-03T12:16:28Z)
Resolved project argument D:\UE5.7\test1\GuLiStrike.uproject to D:\UE5.7\test1\GuLiStrike.uproject
No config file at D:\UnrealEngine-5.7\Engine\Restricted\NotForLicensees\Programs\UnrealBuildTool\BuildConfiguration.xml
No config file at C:\ProgramData\Unreal Engine\UnrealBuildTool\BuildConfiguration.xml
No config file at C:\Users\a\AppData\Local\Unreal Engine\UnrealBuildTool\BuildConfiguration.xml
No config file at C:\Users\a\Documents\Unreal Engine\UnrealBuildTool\BuildConfiguration.xml
Configuration will be read from:
  D:\UnrealEngine-5.7\Engine\Saved\UnrealBuildTool\BuildConfiguration.xml
  C:\Users\a\AppData\Roaming\Unreal Engine\UnrealBuildTool\BuildConfiguration.xml
Reading configuration file from cache (D:\UE5.7\test1\Intermediate\Build\XmlConfigCache.bin): D:\UnrealEngine-5.7\Engine\Saved\UnrealBuildTool\BuildConfiguration.xml
Reading configuration file from cache (D:\UE5.7\test1\Intermediate\Build\XmlConfigCache.bin): C:\Users\a\AppData\Roaming\Unreal Engine\UnrealBuildTool\BuildConfiguration.xml
Reading configuration file from cache (D:\UE5.7\test1\Intermediate\Build\XmlConfigCache.bin): D:\UE5.7\test1\Saved\UnrealBuildTool\BuildConfiguration.xml
Reading configuration file from cache (D:\UE5.7\test1\Intermediate\Build\XmlConfigCache.bin): D:\UnrealEngine-5.7\Engine\Intermediate\Build\UnrealBuildTool.Env.BuildConfiguration.xml
Setting temp directory to 'C:\Users\a\AppData\Local\Temp\UnrealBuildTool\1cda995f'
    Registering build platform: UnrealBuildTool.AndroidPlatformFactory
Unable to find valid SDK(s) for Android:
  Found Sdk Version, MinRequired=r27c, MaxRequired=r28c.
  Found AutoSdk Version, Required=r27c.
        Registering build platform: Android - buildable: False
    Registering build platform: UnrealBuildTool.IOSPlatformFactory
Unable to find valid SDK(s) for IOS:
  Found Sdk Version, MinRequired=1100.0.0.0, MaxRequired=8999.0.
  Found AutoSdk Version, Required=15.2.
        Registering build platform: IOS - buildable: False
    Registering build platform: UnrealBuildTool.LinuxPlatformFactory
Unable to find valid SDK(s) for Linux:
  Found Sdk Version, Required=v26_clang-20.1.8-rockylinux8.
  Found AutoSdk Version, Required=v26_clang-20.1.8-rockylinux8.
        Registering build platform: Linux - buildable: False
Unable to find valid SDK(s) for LinuxArm64:
  Found Sdk Version, Required=v26_clang-20.1.8-rockylinux8.
  Found AutoSdk Version, Required=v26_clang-20.1.8-rockylinux8.
        Registering build platform: LinuxArm64 - buildable: False
    Registering build platform: UnrealBuildTool.MacPlatformFactory
Unable to find valid SDK(s) for Mac:
  Found Sdk Version, MinRequired=1100.0.0.0, MaxRequired=8999.0.
  Found AutoSdk Version, Required=15.2.
        Registering build platform: Mac - buildable: False
    Registering build platform: UnrealBuildTool.TVOSPlatformFactory
Unable to find valid SDK(s) for TVOS:
  Found Sdk Version, MinRequired=1100.0.0.0, MaxRequired=8999.0.
  Found AutoSdk Version, Required=15.2.
        Registering build platform: TVOS - buildable: False
    Registering build platform: UnrealBuildTool.WindowsPlatformFactory
Found Windows 10 SDK root at C:\Program Files (x86)\Windows Kits\10 (1)
Found Windows 10 SDK root at C:\Program Files (x86)\Windows Kits\10 (2)
Found Windows 10 SDK version 10.0.22621.0 at C:\Program Files (x86)\Windows Kits\10
Found Universal CRT version 10.0.22621.0 at C:\Program Files (x86)\Windows Kits\10
Found Windows 10 SDK version 10.0.26100.0 at C:\Program Files (x86)\Windows Kits\10
Found Universal CRT version 10.0.26100.0 at C:\Program Files (x86)\Windows Kits\10
Win64 Installed SDK(s): MinVersion_Sdk=10.0.19041.0, MaxVersion_Sdk=10.9.99999.0, CurrentVersion_Sdk=10.0.22621.0, Version_AutoSdk=10.0.22621.0, CurrentVersion_AutoSdk=
        Registering build platform: Win64 - buildable: True
    Registering build platform: UnrealBuildTool.VisionOSPlatformFactory
        Registering build platform: VisionOS - buildable: False
Command line: D:\UnrealEngine-5.7\Engine\Binaries\DotNET\UnrealBuildTool\UnrealBuildTool.dll GuLiStrikeEditor Win64 Development -Project=D:\UE5.7\test1\GuLiStrike.uproject -WaitMutex -NoHotReloadFromIDE
Log file: D:\UnrealEngine-5.7\Engine\Programs\UnrealBuildTool\Log.txt
Deleting old log file: D:\UnrealEngine-5.7\Engine\Programs\UnrealBuildTool\Log-backup-2026.09.03-02.51.49.txt

Using 'git status' to determine working set for adaptive non-unity build (D:\UnrealEngine-5.7).
Using 'git status' to determine working set for adaptive non-unity build (D:\UE5.7\test1).
Waiting for 'git status' command to complete
Generated code is up to date.
Building GuLiStrikeEditor...
Using Visual Studio 2022 14.44.35215 toolchain (C:\Program Files\Microsoft Visual Studio\2022\Professional\VC\Tools\MSVC\14.44.35207) and Windows 10.0.22621.0 SDK (C:\Program Files (x86)\Windows Kits\10).
[Adaptive Build] Excluded from GuLiStrike unity file: GuLiCommanderPlayerController.cpp, GuLiCommanderResourceAdapter.cpp, GuLiCommanderUICommands.cpp, GuLiCommanderToolModeTests.cpp, GuLiBattleAuthoritySubsystem.cpp, GuLiCommanderPredictiveAvoidanceProcessor.cpp, GuLiCommanderSelectionQuery.cpp, GuLiSoldierCombat.cpp, GuLiCommanderSelectionQueryTests.cpp, GuLiSoldierCombatTests.cpp, GuLiCommanderPoseCodec.cpp, GuLiCommanderTypes.cpp, GuLiCommanderNetworkTests.cpp, GuLiCommanderCameraGeometry.cpp, GuLiCommanderCameraPawn.cpp, GuLiCommanderHUD.cpp, GuLiCommanderLandscapeQuerySubsystem.cpp, GuLiCommanderLODCommands.cpp, GuLiCommanderLODPolicy.cpp, GuLiCommanderLODSubsystem.cpp, GuLiCommanderMechanicalPresentation.cpp, GuLiCommanderOverviewSubsystem.cpp, GuLiCommanderPresentationActor.cpp, GuLiCommanderPresentationCommands.cpp, GuLiCommanderPresentationPerformanceSettings.cpp, GuLiCommanderCameraPolicyTests.cpp, GuLiCommanderMoveEndpointHUDTests.cpp, GuLiCommanderPresentationPerformanceTests.cpp, GuLiCommanderConsoleLayout.cpp, GuLiCommanderConsoleView.cpp, GuLiCommanderHealthBarRenderer.cpp, GuLiCommanderHUDWidget.cpp, GuLiCommanderOverviewOverlay.cpp, GuLiCommanderTaskPanel.cpp, GuLiBuildingConstructionContour.cpp, GuLiBuildingPlacementComponent.cpp, GuLiRogueCardSubsystem.cpp, GuLiCombatEffectAuthoringLibrary.cpp, GuLiCombatEffectDefinition.cpp, GuLiCombatEffectLaserPresentation.cpp, GuLiCombatEffectPresentationSubsystem.cpp, GuLiCombatEffectRuntimeSubsystem.cpp, GuLiCombatEffectTypes.cpp, GuLiGroundWarningSubsystem.cpp, GuLiMechanicalMuzzlePresentation.cpp, GuLiMissileClusterPresentation.cpp, GuLiRogueUpgradePresentation.cpp, GuLiUnitFeedbackSubsystem.cpp, GuLiCommanderSkillTypes.cpp, GuLiPointSkill.cpp, GuLiSummonSkill.cpp, GuLiUnitSkillExecution.cpp, GuLiWarMachineMissileSkill.cpp, GuLiCommanderDataSettings.cpp, GuLiCommanderDataSubsystem.cpp, GuLiCommanderSoldierDefinition.cpp, GuLiCommanderSoldierResolver.cpp, GuLiScale020InterpolationTests.cpp, GuLiScale020Tests.cpp, GuLiMechanicalAnimation.cpp, GuLiMechanicalTurnPresentation.cpp, GuLiVATAnimation.cpp, GuLiWarMachineHoverComponent.cpp, GuLiWarMachineHoverPreviewComponent.cpp, GuLiMechanicalAnimationTests.cpp, GuLiSkillResolver.cpp, GuLiSkillTypes.cpp, GuLiTeleportInputComponent.cpp, GuLiWingmanPawn.cpp
[Adaptive Build] Excluded from GuLiStrikeEditor unity file: GuLiMissileFixture.cpp, GuLiRogueCardQALibrary.cpp
[Adaptive Build] Excluded from Navmesh unity file: DetourCrowd.cpp
[Adaptive Build] Excluded from LevelEditor unity file: SLevelViewport.cpp
Determining max actions to execute in parallel (24 physical cores, 32 logical cores)
  Executing up to 24 processes, one per physical core
  Requested 1.5 GB memory per action, 31.82 GB available: limiting max parallel actions to 21
Using Unreal Build Accelerator local executor to run 5 action(s)
  Storage capacity 40Gb
  RootDir C:\ProgramData\Epic\UnrealBuildAccelerator
Deleting old log file: D:\UnrealEngine-5.7\Engine\Programs\UnrealBuildTool\Log-backup-2026.10.01-09.15.33.uba
---- Starting trace: 261003_201631 ----
UbaSessionServer - Disable remote execution (remote sessions will finish current processes)
Cache bucket 994921010 used. Action: Compile [x64] GuLiVATAnimation.cpp ()
Cache bucket 416513229 used. Action: Link [x64] UnrealEditor-GuLiStrike.lib ()
All processes queued
[1/5] Compile [x64] GuLiVATAnimation.cpp
[2/5] Link [x64] UnrealEditor-GuLiStrike.lib
  正在创建库 D:/UE5.7/test1/Intermediate/Build/Win64/x64/UnrealEditor/Development/GuLiStrike/UnrealEditor-GuLiStrike.lib 和对象 D:/UE5.7/test1/Intermediate/Build/Win64/x64/UnrealEditor/Development/GuLiStrike/UnrealEditor-GuLiStrike.exp
[3/5] Link [x64] UnrealEditor-GuLiStrikeEditor.dll
[4/5] Link [x64] UnrealEditor-GuLiStrike.dll
[5/5] WriteMetadata GuLiStrikeEditor.target [NoUba]

Trace written to file D:/UnrealEngine-5.7/Engine/Programs/UnrealBuildTool/Log.uba with size 3.7kb
Total time in Unreal Build Accelerator local executor: 2.81 seconds
WriteFileIfChanged() wrote 0 changed files of 1 requested writes.

Result: Succeeded
Total execution time: 5.53 seconds
