Log started at 10/03/2026 20:51:17 (2026-10-03T12:51:17Z)
Resolved project argument D:/UE5.7/test1/GuLiStrike.uproject to D:\UE5.7\test1\GuLiStrike.uproject
No config file at D:\UnrealEngine-5.7\Engine\Restricted\NotForLicensees\Programs\UnrealBuildTool\BuildConfiguration.xml
No config file at C:\ProgramData\Unreal Engine\UnrealBuildTool\BuildConfiguration.xml
No config file at C:\Users\a\AppData\Local\Unreal Engine\UnrealBuildTool\BuildConfiguration.xml
No config file at C:\Users\a\Documents\Unreal Engine\UnrealBuildTool\BuildConfiguration.xml
Configuration will be read from:
  D:\UnrealEngine-5.7\Engine\Saved\UnrealBuildTool\BuildConfiguration.xml
  C:\Users\a\AppData\Roaming\Unreal Engine\UnrealBuildTool\BuildConfiguration.xml
Reading configuration file from cache (D:\UE5.7\test1\Intermediate\Build\XmlConfigCache.bin): D:\UnrealEngine-5.7\Engine\Saved\UnrealBuildTool\BuildConfiguration.xml
Reading configuration file from cache (D:\UE5.7\test1\Intermediate\Build\XmlConfigCache.bin): C:\Users\a\AppData\Roaming\Unreal Engine\UnrealBuildTool\BuildConfiguration.xml
Reading configuration file from cache (D:\UE5.7\test1\Intermediate\Build\XmlConfigCache.bin): D:\UE5.7\test1\Saved\UnrealBuildTool\BuildConfiguration.xml
Reading configuration file from cache (D:\UE5.7\test1\Intermediate\Build\XmlConfigCache.bin): D:\UnrealEngine-5.7\Engine\Intermediate\Build\UnrealBuildTool.Env.BuildConfiguration.xml
Setting temp directory to 'C:\Users\a\AppData\Local\Temp\UnrealBuildTool\1cda995f'
    Registering build platform: UnrealBuildTool.AndroidPlatformFactory
Unable to find valid SDK(s) for Android:
  Found Sdk Version, MinRequired=r27c, MaxRequired=r28c.
  Found AutoSdk Version, Required=r27c.
        Registering build platform: Android - buildable: False
    Registering build platform: UnrealBuildTool.IOSPlatformFactory
Unable to find valid SDK(s) for IOS:
  Found Sdk Version, MinRequired=1100.0.0.0, MaxRequired=8999.0.
  Found AutoSdk Version, Required=15.2.
        Registering build platform: IOS - buildable: False
    Registering build platform: UnrealBuildTool.LinuxPlatformFactory
Unable to find valid SDK(s) for Linux:
  Found Sdk Version, Required=v26_clang-20.1.8-rockylinux8.
  Found AutoSdk Version, Required=v26_clang-20.1.8-rockylinux8.
        Registering build platform: Linux - buildable: False
Unable to find valid SDK(s) for LinuxArm64:
  Found Sdk Version, Required=v26_clang-20.1.8-rockylinux8.
  Found AutoSdk Version, Required=v26_clang-20.1.8-rockylinux8.
        Registering build platform: LinuxArm64 - buildable: False
    Registering build platform: UnrealBuildTool.MacPlatformFactory
Unable to find valid SDK(s) for Mac:
  Found Sdk Version, MinRequired=1100.0.0.0, MaxRequired=8999.0.
  Found AutoSdk Version, Required=15.2.
        Registering build platform: Mac - buildable: False
    Registering build platform: UnrealBuildTool.TVOSPlatformFactory
Unable to find valid SDK(s) for TVOS:
  Found Sdk Version, MinRequired=1100.0.0.0, MaxRequired=8999.0.
  Found AutoSdk Version, Required=15.2.
        Registering build platform: TVOS - buildable: False
    Registering build platform: UnrealBuildTool.WindowsPlatformFactory
Found Windows 10 SDK root at C:\Program Files (x86)\Windows Kits\10 (1)
Found Windows 10 SDK root at C:\Program Files (x86)\Windows Kits\10 (2)
Found Windows 10 SDK version 10.0.22621.0 at C:\Program Files (x86)\Windows Kits\10
Found Universal CRT version 10.0.22621.0 at C:\Program Files (x86)\Windows Kits\10
Found Windows 10 SDK version 10.0.26100.0 at C:\Program Files (x86)\Windows Kits\10
Found Universal CRT version 10.0.26100.0 at C:\Program Files (x86)\Windows Kits\10
Win64 Installed SDK(s): MinVersion_Sdk=10.0.19041.0, MaxVersion_Sdk=10.9.99999.0, CurrentVersion_Sdk=10.0.22621.0, Version_AutoSdk=10.0.22621.0, CurrentVersion_AutoSdk=
        Registering build platform: Win64 - buildable: True
    Registering build platform: UnrealBuildTool.VisionOSPlatformFactory
        Registering build platform: VisionOS - buildable: False
Command line: D:\UnrealEngine-5.7\Engine\Binaries\DotNET\UnrealBuildTool\UnrealBuildTool.dll GuLiStrikeEditor Win64 Development -Project=D:/UE5.7/test1/GuLiStrike.uproject -WaitMutex -NoHotReloadFromIDE
Log file: D:\UnrealEngine-5.7\Engine\Programs\UnrealBuildTool\Log.txt
Deleting old log file: D:\UnrealEngine-5.7\Engine\Programs\UnrealBuildTool\Log-backup-2026.09.03-02.51.49.txt

Using 'git status' to determine working set for adaptive non-unity build (D:\UnrealEngine-5.7).
Using 'git status' to determine working set for adaptive non-unity build (D:\UE5.7\test1).
Invalidating makefile for GuLiStrikeEditor (source file added)
Found VisualStudio2022 installation: C:\Program Files\Microsoft Visual Studio\2022\Professional (Product=Microsoft.VisualStudio.Product.Professional, Version=17.14.36414.22)
Found Visual Studio toolchain: C:\Program Files\Microsoft Visual Studio\2022\Professional\VC\Tools\MSVC\14.38.33130 (Family=14.38.33130, FamilyRank=1, Version=14.38.33145, HostArchitecture=x64, ReleaseChannel=Latest, Architecture=x64, Error=False, Redist=C:\Program Files\Microsoft Visual Studio\2022\Professional\VC\Redist\MSVC\14.38.33130)
Found Visual Studio toolchain: C:\Program Files\Microsoft Visual Studio\2022\Professional\VC\Tools\MSVC\14.44.35207 (Family=14.44.35207, FamilyRank=0, Version=14.44.35215, HostArchitecture=x64, ReleaseChannel=Latest, Architecture=x64, Error=False, Redist=C:\Program Files\Microsoft Visual Studio\2022\Professional\VC\Redist\MSVC\14.44.35112)
Building UnrealEditor - GuLiStrikeEditor - Win64 - Development
Project 'GuLiStrikeEditor' depends on plugin 'StructUtils' which was deprecated in 5.5 and will soon be removed. Please update your dependencies.
Warning: Plugin 'VibeUE' does not list plugin 'StructUtils' as a dependency, but module 'VibeUE' depends on module 'StructUtils'.
Warning: Plugin 'VibeUE' does not list plugin 'GameplayTagsEditor' as a dependency, but module 'VibeUE' depends on module 'GameplayTagsEditor'.
Warning: Plugin 'Tripo3DUEBridge' does not list plugin 'Interchange' as a dependency, but module 'Tripo3DUEBridge' depends on module 'InterchangePipelines'.
Compiler: C:\Program Files\Microsoft Visual Studio\2022\Professional\VC\Tools\MSVC\14.44.35207\bin\Hostx64\x64\cl.exe
Linker: C:\Program Files\Microsoft Visual Studio\2022\Professional\VC\Tools\MSVC\14.44.35207\bin\Hostx64\x64\link.exe
Library Manager: C:\Program Files\Microsoft Visual Studio\2022\Professional\VC\Tools\MSVC\14.44.35207\bin\Hostx64\x64\link.exe
Resource Compiler: C:\Program Files (x86)\Windows Kits\10\bin\10.0.22621.0\x64\rc.exe
Using EngineIncludeOrderVersion.Unreal5_7 for target GuLiStrikeEditor.Target.cs
UHT compiled-in object format Default
UnrealHeaderTool needs to run because there are a different number of UObject source files in module GuLiStrikeEditor
Parsing headers for GuLiStrikeEditor
  Running Internal UnrealHeaderTool D:\UE5.7\test1\GuLiStrike.uproject D:\UE5.7\test1\Intermediate\Build\Win64\GuLiStrikeEditor\Development\GuLiStrikeEditor.uhtmanifest -WarningsAsErrors
Reading engine version from file: D:\UnrealEngine-5.7\Engine\Source\Runtime\Launch\Resources\Version.h
Got engine version 5.7.4
Step - Exports
       Exporter Stats skipped
       Exporter Json skipped
       Running exporter CodeGen
UHT processed GuLiStrikeEditor in 6.5498752 seconds (3 files written)
Found 5 shared PCH headers (listed in order of preference):
	UnrealEd
	Engine
	Slate
	CoreUObject
	Core
VerseVMBytecodeGenerator.Generate, generating CPP headers in: 'D:\UnrealEngine-5.7\Engine\Intermediate\Build\Win64\UnrealEditor\Inc\CoreUObject\VerseVMBytecode'
	Writing out generated header file. Changed:False Path:'D:\UnrealEngine-5.7\Engine\Intermediate\Build\Win64\UnrealEditor\Inc\CoreUObject\VerseVMBytecode\VVMBytecodeOps.gen.h'
	Writing out generated header file. Changed:False Path:'D:\UnrealEngine-5.7\Engine\Intermediate\Build\Win64\UnrealEditor\Inc\CoreUObject\VerseVMBytecode\VVMBytecodesAndCaptures.gen.h'
	Writing out generated header file. Changed:False Path:'D:\UnrealEngine-5.7\Engine\Intermediate\Build\Win64\UnrealEditor\Inc\CoreUObject\VerseVMBytecode\VVMMakeCapturesFuncs.gen.h'
	Writing out generated header file. Changed:False Path:'D:\UnrealEngine-5.7\Engine\Intermediate\Build\Win64\UnrealEditor\Inc\CoreUObject\VerseVMBytecode\VVMCaptureSwitch.gen.h'
Updating D:\UE5.7\test1\Intermediate\Build\Win64\x64\UnrealEditor\Development\GuLiStrikeEditor\Module.GuLiStrikeEditor.cpp: contents have changed. Saving previous version to D:\UE5.7\test1\Intermediate\Build\Win64\x64\UnrealEditor\Development\GuLiStrikeEditor\Module.GuLiStrikeEditor.cpp.old.
Updating D:\UE5.7\test1\Intermediate\Build\Win64\x64\UnrealEditor\Development\GuLiStrikeEditor\LiveCodingInfo.json: contents have changed. Saving previous version to D:\UE5.7\test1\Intermediate\Build\Win64\x64\UnrealEditor\Development\GuLiStrikeEditor\LiveCodingInfo.json.old.
Updating D:\UE5.7\test1\Intermediate\Build\Win64\x64\UnrealEditor\Development\GuLiStrikeEditor\UnrealEditor-GuLiStrikeEditor.lib.rsp: contents have changed. Saving previous version to D:\UE5.7\test1\Intermediate\Build\Win64\x64\UnrealEditor\Development\GuLiStrikeEditor\UnrealEditor-GuLiStrikeEditor.lib.rsp.old.
Updating D:\UE5.7\test1\Intermediate\Build\Win64\x64\UnrealEditor\Development\GuLiStrikeEditor\UnrealEditor-GuLiStrikeEditor.dll.rsp: contents have changed. Saving previous version to D:\UE5.7\test1\Intermediate\Build\Win64\x64\UnrealEditor\Development\GuLiStrikeEditor\UnrealEditor-GuLiStrikeEditor.dll.rsp.old.
Deleting outdated item: D:\UE5.7\test1\Binaries\Win64\UnrealEditor-GuLiStrikeEditor.pdb
Deleting outdated item: D:\UE5.7\test1\Intermediate\Build\Win64\x64\UnrealEditor\Development\GuLiStrikeEditor\UnrealEditor-GuLiStrikeEditor.lib
Building GuLiStrikeEditor...
Using Visual Studio 2022 14.44.35215 toolchain (C:\Program Files\Microsoft Visual Studio\2022\Professional\VC\Tools\MSVC\14.44.35207) and Windows 10.0.22621.0 SDK (C:\Program Files (x86)\Windows Kits\10).
[Adaptive Build] Excluded from GuLiStrike unity file: GuLiCommanderPlayerController.cpp, GuLiCommanderResourceAdapter.cpp, GuLiCommanderUICommands.cpp, GuLiCommanderToolModeTests.cpp, GuLiBattleAuthoritySubsystem.cpp, GuLiCommanderPredictiveAvoidanceProcessor.cpp, GuLiCommanderSelectionQuery.cpp, GuLiSoldierCombat.cpp, GuLiCommanderSelectionQueryTests.cpp, GuLiSoldierCombatTests.cpp, GuLiCommanderPoseCodec.cpp, GuLiCommanderTypes.cpp, GuLiCommanderNetworkTests.cpp, GuLiCommanderCameraGeometry.cpp, GuLiCommanderCameraPawn.cpp, GuLiCommanderHUD.cpp, GuLiCommanderLandscapeQuerySubsystem.cpp, GuLiCommanderLODCommands.cpp, GuLiCommanderLODPolicy.cpp, GuLiCommanderLODSubsystem.cpp, GuLiCommanderMechanicalPresentation.cpp, GuLiCommanderOverviewSubsystem.cpp, GuLiCommanderPresentationActor.cpp, GuLiCommanderPresentationCommands.cpp, GuLiCommanderPresentationPerformanceSettings.cpp, GuLiCommanderCameraPolicyTests.cpp, GuLiCommanderMoveEndpointHUDTests.cpp, GuLiCommanderPresentationPerformanceTests.cpp, GuLiCommanderConsoleLayout.cpp, GuLiCommanderConsoleView.cpp, GuLiCommanderHealthBarRenderer.cpp, GuLiCommanderHUDWidget.cpp, GuLiCommanderOverviewOverlay.cpp, GuLiCommanderTaskPanel.cpp, GuLiBuildingConstructionContour.cpp, GuLiBuildingPlacementComponent.cpp, GuLiRogueCardSubsystem.cpp, GuLiCombatEffectAuthoringLibrary.cpp, GuLiCombatEffectDefinition.cpp, GuLiCombatEffectLaserPresentation.cpp, GuLiCombatEffectPresentationSubsystem.cpp, GuLiCombatEffectRuntimeSubsystem.cpp, GuLiCombatEffectTypes.cpp, GuLiGroundWarningSubsystem.cpp, GuLiMechanicalMuzzlePresentation.cpp, GuLiMissileClusterPresentation.cpp, GuLiRogueUpgradePresentation.cpp, GuLiUnitFeedbackSubsystem.cpp, GuLiCommanderSkillTypes.cpp, GuLiPointSkill.cpp, GuLiSummonSkill.cpp, GuLiUnitSkillExecution.cpp, GuLiWarMachineMissileSkill.cpp, GuLiCommanderDataSettings.cpp, GuLiCommanderDataSubsystem.cpp, GuLiCommanderSoldierDefinition.cpp, GuLiCommanderSoldierResolver.cpp, GuLiScale020InterpolationTests.cpp, GuLiScale020Tests.cpp, GuLiMechanicalAnimation.cpp, GuLiMechanicalTurnPresentation.cpp, GuLiVATAnimation.cpp, GuLiWarMachineHoverComponent.cpp, GuLiWarMachineHoverPreviewComponent.cpp, GuLiMechanicalAnimationTests.cpp, GuLiSkillResolver.cpp, GuLiSkillTypes.cpp, GuLiTeleportInputComponent.cpp, GuLiWingmanPawn.cpp
[Adaptive Build] Excluded from GuLiStrikeEditor unity file: GuLiInitialArmyAuthoring.cpp, GuLiMissileFixture.cpp, GuLiPioneerQALibrary.cpp, GuLiResourceAuthoringLibrary.cpp, GuLiRogueCardQALibrary.cpp
[Adaptive Build] Excluded from Navmesh unity file: DetourCrowd.cpp
[Adaptive Build] Excluded from LevelEditor unity file: SLevelViewport.cpp
Determining max actions to execute in parallel (24 physical cores, 32 logical cores)
  Executing up to 24 processes, one per physical core
  Requested 1.5 GB memory per action, 13.68 GB available: limiting max parallel actions to 9
Using Unreal Build Accelerator local executor to run 7 action(s)
  Storage capacity 40Gb
  RootDir C:\ProgramData\Epic\UnrealBuildAccelerator
Deleting old log file: D:\UnrealEngine-5.7\Engine\Programs\UnrealBuildTool\Log-backup-2026.10.01-09.15.34.uba
---- Starting trace: 261003_205131 ----
UbaSessionServer - Disable remote execution (remote sessions will finish current processes)
Cache bucket 994921010 used. Action: Compile [x64] GuLiInitialArmyAuthoring.cpp ()
Cache bucket 416513229 used. Action: Link [x64] UnrealEditor-GuLiStrikeEditor.dll ()
All processes queued
[1/7] Compile [x64] GuLiPioneerQALibrary.cpp
[2/7] Compile [x64] GuLiInitialArmyAuthoring.cpp
[3/7] Compile [x64] GuLiResourceAuthoringLibrary.cpp
[4/7] Compile [x64] Module.GuLiStrikeEditor.cpp
[5/7] Link [x64] UnrealEditor-GuLiStrikeEditor.lib
  正在创建库 D:/UE5.7/test1/Intermediate/Build/Win64/x64/UnrealEditor/Development/GuLiStrikeEditor/UnrealEditor-GuLiStrikeEditor.lib 和对象 D:/UE5.7/test1/Intermediate/Build/Win64/x64/UnrealEditor/Development/GuLiStrikeEditor/UnrealEditor-GuLiStrikeEditor.exp
[6/7] Link [x64] UnrealEditor-GuLiStrikeEditor.dll
GuLiPioneerQALibrary.cpp.obj : error LNK2019: 无法解析的外部符号 "public: bool __cdecl AGuLiCommanderPlayerController::CanIssueCommanderOrders(void)const " (?CanIssueCommanderOrders@AGuLiCommanderPlayerController@@QEBA_NXZ)，函数 "public: static bool __cdecl UGuLiPioneerQALibrary::Action(class APlayerController *,class FName,struct UE::Math::TVector<double>)" (?Action@UGuLiPioneerQALibrary@@SA_NPEAVAPlayerController@@VFName@@U?$TVector@N@Math@UE@@@Z) 中引用了该符号
GuLiPioneerQALibrary.cpp.obj : error LNK2019: 无法解析的外部符号 "public: void __cdecl AGuLiCommanderPlayerController::InvokeHUDCommand(class FName)" (?InvokeHUDCommand@AGuLiCommanderPlayerController@@QEAAXVFName@@@Z)，函数 "public: static bool __cdecl UGuLiPioneerQALibrary::Action(class APlayerController *,class FName,struct UE::Math::TVector<double>)" (?Action@UGuLiPioneerQALibrary@@SA_NPEAVAPlayerController@@VFName@@U?$TVector@N@Math@UE@@@Z) 中引用了该符号
GuLiPioneerQALibrary.cpp.obj : error LNK2019: 无法解析的外部符号 "public: bool __cdecl AGuLiCommanderPlayerController::IssueMapMove(struct UE::Math::TVector<double> const &,bool)" (?IssueMapMove@AGuLiCommanderPlayerController@@QEAA_NAEBU?$TVector@N@Math@UE@@_N@Z)，函数 "public: static bool __cdecl UGuLiPioneerQALibrary::Action(class APlayerController *,class FName,struct UE::Math::TVector<double>)" (?Action@UGuLiPioneerQALibrary@@SA_NPEAVAPlayerController@@VFName@@U?$TVector@N@Math@UE@@@Z) 中引用了该符号
GuLiPioneerQALibrary.cpp.obj : error LNK2019: 无法解析的外部符号 "public: void __cdecl AGuLiCommanderPlayerController::StopSelectedUnits(void)" (?StopSelectedUnits@AGuLiCommanderPlayerController@@QEAAXXZ)，函数 "public: static bool __cdecl UGuLiPioneerQALibrary::Action(class APlayerController *,class FName,struct UE::Math::TVector<double>)" (?Action@UGuLiPioneerQALibrary@@SA_NPEAVAPlayerController@@VFName@@U?$TVector@N@Math@UE@@@Z) 中引用了该符号
GuLiPioneerQALibrary.cpp.obj : error LNK2019: 无法解析的外部符号 "private: unsigned int __cdecl AGuLiCommanderPlayerController::AllocateSelectionRequestId(void)" (?AllocateSelectionRequestId@AGuLiCommanderPlayerController@@AEAAIXZ)，函数 "public: static bool __cdecl UGuLiPioneerQALibrary::Select(class APlayerController *,__int64,bool)" (?Select@UGuLiPioneerQALibrary@@SA_NPEAVAPlayerController@@_J_N@Z) 中引用了该符号
D:\UE5.7\test1\Binaries\Win64\UnrealEditor-GuLiStrikeEditor.dll : fatal error LNK1120: 5 个无法解析的外部命令
 Link [x64] UnrealEditor-GuLiStrikeEditor.dll: Exited with error code 1120 . The build will fail.
 Link [x64] UnrealEditor-GuLiStrikeEditor.dll: WorkingDirectory D:\UnrealEngine-5.7\Engine\Source
 Link [x64] UnrealEditor-GuLiStrikeEditor.dll: C:\Program Files\Microsoft Visual Studio\2022\Professional\VC\Tools\MSVC\14.44.35207\bin\Hostx64\x64\link.exe @"D:/UE5.7/test1/Intermediate/Build/Win64/x64/UnrealEditor/Development/GuLiStrikeEditor/UnrealEditor-GuLiStrikeEditor.dll.rsp"

Trace written to file D:/UnrealEngine-5.7/Engine/Programs/UnrealBuildTool/Log.uba with size 7.5kb
Total time in Unreal Build Accelerator local executor: 13.11 seconds
CompilationResultException: OtherCompilationError
   at UnrealBuildTool.ActionGraph.ExecuteActionsAsync(BuildConfiguration BuildConfiguration, List`1 ActionsToExecute, List`1 TargetDescriptors, ILogger Logger, IActionArtifactCache actionArtifactCache) in D:\UnrealEngine-5.7\Engine\Source\Programs\UnrealBuildTool\System\ActionGraph.cs:line 466
   at UnrealBuildTool.BuildMode.BuildAsync(TargetMakefile[] Makefiles, List`1 TargetDescriptors, BuildConfiguration BuildConfiguration, BuildOptions Options, FileReference WriteOutdatedActionsFile, ILogger Logger, String ActionTypeFilter) in D:\UnrealEngine-5.7\Engine\Source\Programs\UnrealBuildTool\Modes\BuildMode.cs:line 833
   at UnrealBuildTool.BuildMode.BuildAsync(List`1 TargetDescriptors, BuildConfiguration BuildConfiguration, ISourceFileWorkingSet WorkingSet, BuildOptions Options, FileReference WriteOutdatedActionsFile, ILogger Logger, Boolean bSkipPreBuildTargets, String ActionTypeFilter) in D:\UnrealEngine-5.7\Engine\Source\Programs\UnrealBuildTool\Modes\BuildMode.cs:line 417
   at UnrealBuildTool.BuildMode.ExecuteAsync(CommandLineArguments Arguments, ILogger Logger) in D:\UnrealEngine-5.7\Engine\Source\Programs\UnrealBuildTool\Modes\BuildMode.cs:line 253
   at UnrealBuildTool.UnrealBuildTool.Main(String[] ArgumentsArray) in D:\UnrealEngine-5.7\Engine\Source\Programs\UnrealBuildTool\UnrealBuildTool.cs:line 653
WriteFileIfChanged() wrote 5 changed files of 9023 requested writes.

Result: Failed (OtherCompilationError)
Total execution time: 27.07 seconds
