Using bundled DotNet SDK version: 8.0.412 win-x64
Running UnrealBuildTool: dotnet "..\..\Engine\Binaries\DotNET\UnrealBuildTool\UnrealBuildTool.dll" GuLiStrikeEditor Win64 Development -Project=D:/UE5.7/test1/GuLiStrike.uproject -WaitMutex -NoHotReloadFromIDE
Log file: D:\UnrealEngine-5.7\Engine\Programs\UnrealBuildTool\Log.txt
Using 'git status' to determine working set for adaptive non-unity build (D:\UnrealEngine-5.7).
Using 'git status' to determine working set for adaptive non-unity build (D:\UE5.7\test1).
Waiting for 'git status' command to complete
Invalidating makefile for GuLiStrikeEditor (working set of source files changed)
[Tripo3DUEBridge] Found zlib version: 1.3
Project 'GuLiStrikeEditor' depends on plugin 'StructUtils' which was deprecated in 5.5 and will soon be removed. Please update your dependencies.
Warning: Plugin 'VibeUE' does not list plugin 'StructUtils' as a dependency, but module 'VibeUE' depends on module 'StructUtils'.
Warning: Plugin 'VibeUE' does not list plugin 'GameplayTagsEditor' as a dependency, but module 'VibeUE' depends on module 'GameplayTagsEditor'.
Warning: Plugin 'Tripo3DUEBridge' does not list plugin 'Interchange' as a dependency, but module 'Tripo3DUEBridge' depends on module 'InterchangePipelines'.
UHT compiled-in object format Default
Parsing headers for GuLiStrikeEditor
  Running Internal UnrealHeaderTool D:\UE5.7\test1\GuLiStrike.uproject D:\UE5.7\test1\Intermediate\Build\Win64\GuLiStrikeEditor\Development\GuLiStrikeEditor.uhtmanifest -WarningsAsErrors
UHT processed GuLiStrikeEditor in 5.0671723 seconds (2 files written)
Building GuLiStrikeEditor...
Using Visual Studio 2022 14.44.35215 toolchain (C:\Program Files\Microsoft Visual Studio\2022\Professional\VC\Tools\MSVC\14.44.35207) and Windows 10.0.22621.0 SDK (C:\Program Files (x86)\Windows Kits\10).
[Adaptive Build] Excluded from GuLiStrike unity file: GuLiCommanderDeploymentPoint.cpp, GuLiCommanderPlayerController.cpp, GuLiCommanderResourceAdapter.cpp, GuLiCommanderUICommands.cpp, GuLiCommanderToolModeTests.cpp, GuLiBattleAuthoritySubsystem.cpp, GuLiCommanderPredictiveAvoidanceProcessor.cpp, GuLiCommanderSelectionQuery.cpp, GuLiSoldierCombat.cpp, GuLiCommanderSelectionQueryTests.cpp, GuLiSoldierCombatTests.cpp, GuLiCommanderPoseCodec.cpp, GuLiCommanderTypes.cpp, GuLiCommanderNetworkTests.cpp, GuLiUnitTaskOperations.cpp, GuLiUnitTaskSubsystem.cpp, GuLiCommanderCameraGeometry.cpp, GuLiCommanderCameraPawn.cpp, GuLiCommanderHUD.cpp, GuLiCommanderLandscapeQuerySubsystem.cpp, GuLiCommanderLODCommands.cpp, GuLiCommanderLODPolicy.cpp, GuLiCommanderLODSubsystem.cpp, GuLiCommanderMechanicalPresentation.cpp, GuLiCommanderOverviewSubsystem.cpp, GuLiCommanderPresentationActor.cpp, GuLiCommanderPresentationCommands.cpp, GuLiCommanderPresentationPerformanceSettings.cpp, GuLiCommanderCameraPolicyTests.cpp, GuLiCommanderMoveEndpointHUDTests.cpp, GuLiCommanderPresentationPerformanceTests.cpp, GuLiCommanderConsoleLayout.cpp, GuLiCommanderConsoleView.cpp, GuLiCommanderHealthBarRenderer.cpp, GuLiCommanderHUDWidget.cpp, GuLiCommanderOverviewOverlay.cpp, GuLiCommanderTaskPanel.cpp, GuLiBuildingConstructionContour.cpp, GuLiBuildingPlacementComponent.cpp, GuLiRogueCardSubsystem.cpp, GuLiCombatEffectAuthoringLibrary.cpp, GuLiCombatEffectDefinition.cpp, GuLiCombatEffectLaserPresentation.cpp, GuLiCombatEffectPresentationSubsystem.cpp, GuLiCombatEffectRuntimeSubsystem.cpp, GuLiCombatEffectTypes.cpp, GuLiGroundWarningSubsystem.cpp, GuLiMechanicalMuzzlePresentation.cpp, GuLiMissileClusterPresentation.cpp, GuLiRogueUpgradePresentation.cpp, GuLiUnitFeedbackSubsystem.cpp, GuLiCommanderSkillTypes.cpp, GuLiPointSkill.cpp, GuLiSummonSkill.cpp, GuLiUnitSkillExecution.cpp, GuLiWarMachineMissileSkill.cpp, GuLiCommanderDataSettings.cpp, GuLiCommanderDataSubsystem.cpp, GuLiCommanderSoldierDefinition.cpp, GuLiCommanderSoldierResolver.cpp, GuLiScale020InterpolationTests.cpp, GuLiScale020Tests.cpp, GuLiMechanicalAnimation.cpp, GuLiMechanicalTurnPresentation.cpp, GuLiVATAnimation.cpp, GuLiWarMachineHoverComponent.cpp, GuLiWarMachineHoverPreviewComponent.cpp, GuLiMechanicalAnimationTests.cpp, GuLiSkillResolver.cpp, GuLiSkillTypes.cpp, GuLiTeleportInputComponent.cpp, GuLiWingmanPawn.cpp
[Adaptive Build] Excluded from GuLiStrikeEditor unity file: GuLiInitialArmyAuthoring.cpp, GuLiMissileFixture.cpp, GuLiPioneerQALibrary.cpp, GuLiResourceAuthoringLibrary.cpp, GuLiRogueCardQALibrary.cpp
[Adaptive Build] Excluded from Navmesh unity file: DetourCrowd.cpp
[Adaptive Build] Excluded from LevelEditor unity file: SLevelViewport.cpp
Determining max actions to execute in parallel (24 physical cores, 32 logical cores)
  Executing up to 24 processes, one per physical core
  Requested 1.5 GB memory per action, 13.36 GB available: limiting max parallel actions to 8
Using Unreal Build Accelerator local executor to run 33 action(s)
  Storage capacity 40Gb
---- Starting trace: 261003_211247 ----
UbaServer - Listening on 0.0.0.0:1345
[1/33] Compile [x64] GuLiCommanderDeploymentPoint.cpp
[2/33] Compile [x64] GuLiSummonSkill.cpp
[3/33] Compile [x64] GuLiUnitTaskOperations.cpp
[4/33] Compile [x64] GuLiCommanderResourceAdapter.cpp
[5/33] Compile [x64] GuLiRogueCardSubsystem.cpp
[6/33] Compile [x64] GuLiBuildingPlacementComponent.cpp
[7/33] Compile [x64] Module.GuLiStrike.13.cpp
[8/33] Compile [x64] GuLiUnitTaskSubsystem.cpp
[9/33] Compile [x64] Module.GuLiStrike.1.cpp
[10/33] Compile [x64] Module.GuLiStrike.17.cpp
[11/33] Compile [x64] GuLiCommanderPresentationActor.cpp
[12/33] Compile [x64] GuLiBattleAuthoritySubsystem.cpp
[13/33] Compile [x64] Module.GuLiStrike.23.cpp
[14/33] Compile [x64] Module.GuLiStrike.24.cpp
[15/33] Compile [x64] Module.GuLiStrike.25.cpp
[16/33] Compile [x64] Module.GuLiStrike.26.cpp
[17/33] Compile [x64] Module.GuLiStrike.27.cpp
[18/33] Compile [x64] Module.GuLiStrike.28.cpp
[19/33] Compile [x64] Module.GuLiStrike.22.cpp
[20/33] Compile [x64] Module.GuLiStrike.30.cpp
[21/33] Compile [x64] GuLiMissileFixture.cpp
[22/33] Compile [x64] GuLiInitialArmyAuthoring.cpp
[23/33] Compile [x64] Module.GuLiStrike.4.cpp
[24/33] Compile [x64] GuLiPioneerQALibrary.cpp
[25/33] Compile [x64] GuLiRogueCardQALibrary.cpp
[26/33] Link [x64] UnrealEditor-GuLiStrikeEditor.lib
  正在创建库 D:/UE5.7/test1/Intermediate/Build/Win64/x64/UnrealEditor/Development/GuLiStrikeEditor/UnrealEditor-GuLiStrikeEditor.lib 和对象 D:/UE5.7/test1/Intermediate/Build/Win64/x64/UnrealEditor/Development/GuLiStrikeEditor/UnrealEditor-GuLiStrikeEditor.exp
[27/33] Compile [x64] Module.GuLiStrike.31.cpp
[28/33] Compile [x64] Module.GuLiStrike.32.cpp
[29/33] Compile [x64] Module.GuLiStrike.29.cpp
[30/33] Link [x64] UnrealEditor-GuLiStrike.lib
  正在创建库 D:/UE5.7/test1/Intermediate/Build/Win64/x64/UnrealEditor/Development/GuLiStrike/UnrealEditor-GuLiStrike.lib 和对象 D:/UE5.7/test1/Intermediate/Build/Win64/x64/UnrealEditor/Development/GuLiStrike/UnrealEditor-GuLiStrike.exp
[31/33] Link [x64] UnrealEditor-GuLiStrikeEditor.dll
[32/33] Link [x64] UnrealEditor-GuLiStrike.dll
[33/33] WriteMetadata GuLiStrikeEditor.target [NoUba]

Trace written to file D:/UnrealEngine-5.7/Engine/Programs/UnrealBuildTool/Log.uba with size 13.3kb
Total time in Unreal Build Accelerator local executor: 32.48 seconds

Result: Succeeded
Total execution time: 46.51 seconds
