begin DT_GuLiStrikeCommander_Soldiers
csv-sidecar-written
find-struct
dt-ready created=False
import-task-done
rows=['DefaultSoldier', 'WM01', 'ElectromagneticMiner', 'ConstructionVehicle', 'SweeperSummon']
exported
saved
begin DT_GuLiStrikeCommander_UnitSkills
csv-sidecar-written
find-struct
dt-ready created=False
import-task-done
rows=['SoldierA_Strafe', 'WM01_Strafe', 'SoldierA_Test', 'WM01_Test', 'WM01_MissileLauncher', 'SweeperSummon_Strafe']
exported
saved
begin DT_GuLiStrikeCommander_WeaponMounts
csv-sidecar-written
find-struct
dt-ready created=False
import-task-done
rows=['Pioneer_AimTarget', 'Pioneer_BasicAttack_Muzzle_0', 'WM01_AimTarget', 'WM01_BasicAttack_Muzzle_0', 'WM01_MissileLauncher_Muzzle_0', 'WM01_MissileLauncher_Muzzle_1', 'WM01_BasicAttack_Muzzle_1', 'SweeperSummon_FourFRobot_AimTarget', 'SweeperSummon_FourFRobot_BasicAttack_Muzzle_0', 'Pioneer_BasicAttack_Muzzle_1']
exported
saved
begin DT_GuLiStrikeGameTexts_Texts
csv-sidecar-written
find-struct
dt-ready created=False
import-task-done
rows=['UI.ConsoleLayout.001', 'UI.ConsoleLayout.002', 'UI.ConsoleLayout.003', 'UI.ConsoleLayout.004', 'UI.ConsoleLayout.005', 'UI.ConsoleLayout.006', 'UI.ConsoleLayout.007', 'UI.ConsoleLayout.008', 'UI.ConsoleLayout.009', 'UI.ConsoleLayout.010', 'UI.ConsoleLayout.011', 'UI.ConsoleLayout.012', 'UI.ConsoleLayout.013', 'UI.ConsoleLayout.014', 'UI.ConsoleLayout.015', 'UI.ConsoleLayout.016', 'UI.ConsoleLayout.017', 'UI.ConsoleLayout.018', 'UI.ConsoleLayout.019', 'UI.ConsoleLayout.020', 'UI.ConsoleLayout.021', 'UI.ConsoleLayout.022', 'UI.ConsoleLayout.023', 'UI.ConsoleLayout.024', 'UI.ConsoleLayout.025', 'UI.ConsoleLayout.026', 'UI.ConsoleLayout.027', 'UI.ConsoleLayout.028', 'UI.ConsoleLayout.029', 'UI.ConsoleLayout.030', 'UI.ConsoleLayout.031', 'UI.ConsoleLayout.032', 'UI.ConsoleView.033', 'UI.ConsoleView.034', 'UI.ConsoleView.035', 'UI.ConsoleView.036', 'UI.ConsoleView.037', 'UI.ConsoleView.038', 'UI.ConsoleView.039', 'UI.ConsoleView.040', 'UI.ConsoleView.041', 'UI.ConsoleView.042', 'UI.ConsoleView.043', 'UI.ConsoleView.044', 'UI.ConsoleView.045', 'UI.ConsoleView.046', 'UI.ConsoleView.047', 'UI.ConsoleView.048', 'UI.ConsoleView.049', 'UI.ConsoleView.050', 'UI.ConsoleView.051', 'UI.ConsoleView.052', 'UI.ConsoleView.053', 'UI.ConsoleView.054', 'UI.ConsoleView.055', 'UI.ConsoleView.056', 'UI.ConsoleView.057', 'UI.ConsoleView.058', 'UI.ConsoleView.059', 'UI.ConsoleView.060', 'UI.ConsoleView.061', 'UI.ConsoleView.062', 'UI.ConsoleView.063', 'UI.ConsoleView.064', 'UI.ConsoleView.065', 'UI.ConsoleView.066', 'UI.ConsoleView.067', 'UI.ConsoleView.068', 'UI.ConsoleView.069', 'UI.ConsoleView.070', 'UI.ConsoleView.071', 'UI.ConsoleView.072', 'UI.ConsoleView.073', 'UI.ConsoleView.074', 'UI.ConsoleView.075', 'UI.ConsoleView.076', 'UI.ConsoleView.077', 'UI.ConsoleView.078', 'UI.ConsoleView.079', 'UI.ConsoleView.080', 'UI.ConsoleView.081', 'UI.ConsoleView.082', 'UI.ConsoleView.083', 'UI.ConsoleView.084', 'UI.ConsoleView.085', 'UI.ConsoleView.086', 'UI.ConsoleView.087', 'UI.ConsoleView.088', 'UI.ConsoleView.089', 'UI.ConsoleView.090', 'UI.ConsoleView.091', 'UI.HUDWidget.092', 'UI.HUDWidget.093', 'UI.HUDWidget.094', 'UI.HUDWidget.095', 'UI.HUDWidget.096', 'UI.HUDWidget.097', 'UI.HUDWidget.098', 'UI.HUDWidget.099', 'UI.HUDWidget.100', 'UI.OrderedCommands.101', 'UI.OrderedCommands.102', 'UI.OrderedCommands.103', 'UI.OrderedCommands.104', 'UI.OrderedCommands.105', 'UI.OrderedCommands.106', 'UI.OrderedCommands.107', 'UI.OrderedCommands.108', 'UI.OrderedCommands.109', 'UI.UnitTaskSubsystem.110', 'UI.UnitTaskSubsystem.111', 'UI.UnitTaskSubsystem.112', 'UI.UnitTaskSubsystem.113', 'UI.UnitTaskSubsystem.114', 'UI.UnitTaskSubsystem.115', 'UI.UnitTaskSubsystem.116', 'UI.UnitTaskSubsystem.117', 'UI.UnitTaskSubsystem.118', 'UI.UnitTaskSubsystem.119', 'UI.UnitTaskSubsystem.120', 'UI.UnitTaskSubsystem.121', 'UI.UnitTaskSubsystem.122', 'UI.UnitTaskSubsystem.123', 'UI.UnitTaskSubsystem.124', 'UI.UnitTaskSubsystem.125', 'UI.UnitTaskSubsystem.126', 'UI.UnitTaskSubsystem.127', 'UI.SpecialTaskExecutor.128', 'UI.SpecialTaskExecutor.129', 'UI.SpecialTaskExecutor.130', 'UI.SpecialTaskExecutor.131', 'UI.SpecialTaskExecutor.132', 'UI.BuildingPlacementComponent.133', 'UI.BuildingPlacementComponent.134', 'UI.BuildingPlacementComponent.135', 'UI.BuildingPlacementComponent.136', 'UI.BuildingPlacementComponent.137', 'UI.BuildingPlacementComponent.138', 'UI.BuildingTypes.139', 'UI.BuildingTypes.140', 'UI.BuildingTypes.141', 'UI.BuildingTypes.142', 'UI.BuildingTypes.143', 'UI.BuildingTypes.144', 'UI.BuildingTypes.145', 'UI.BuildingTypes.146', 'UI.BuildingTypes.147', 'UI.BuildingTypes.148', 'UI.BuildingTypes.149', 'UI.BuildingTypes.150', 'UI.BuildingTypes.151', 'UI.BuildingTypes.152', 'UI.BuildingTypes.153', 'UI.BuildingTypes.154', 'UI.BuildingTypes.155', 'UI.BuildingTypes.156', 'UI.BuildingTypes.157', 'UI.BuildingTypes.158', 'UI.BuildingTypes.159', 'UI.BuildingTypes.160', 'UI.BuildingTypes.161', 'UI.BuildingTypes.162', 'UI.TeleportInputComponent.163', 'UI.TeleportInputComponent.164', 'UI.TeleportInputComponent.165', 'UI.TeleportInputComponent.166', 'UI.TeleportInputComponent.167', 'UI.TeleportInputComponent.168', 'UI.TeleportInputComponent.169', 'UI.TeleportInputComponent.170', 'UI.TeleportInputComponent.171', 'UI.TeleportFieldActor.172', 'UI.TeleportFieldActor.173', 'UI.TeleportFieldActor.174', 'UI.TeleportFieldActor.175', 'UI.TeleportFieldActor.176', 'UI.TeleportFieldActor.177', 'UI.TeleportFieldActor.178', 'UI.TeleportFieldActor.179', 'UI.TeleportFieldActor.180', 'UI.TeleportFieldActor.181', 'UI.TeleportFieldActor.182', 'UI.TeleportFieldActor.183', 'UI.TeleportFieldActor.184', 'UI.TeleportFieldActor.185', 'UI.BuildingPlacementComponent.RotateHint', 'UI.Performance.FPSPending', 'UI.Performance.FPS', 'UI.Performance.LatencyPending', 'UI.Performance.LatencyLocal', 'UI.Performance.LatencyRTT', 'Card.WM01.FireRate.Title', 'Card.WM01.FireRate.Description', 'Card.WM01.HighSpeed.Title', 'Card.WM01.HighSpeed.Description', 'Card.WM01.MissileDamage.Title', 'Card.WM01.MissileDamage.Description', 'UI.RogueCards.Title', 'UI.RogueCards.Entering', 'UI.RogueCards.Choose', 'UI.RogueCards.Flip', 'UI.RogueCards.Confirm', 'UI.RogueCards.Submitting', 'UI.RogueCards.Success', 'UI.RogueCards.Failed', 'UI.RogueCards.OpenFailed', 'UI.RogueCards.Replay', 'UI.RogueCards.Done', 'UI.Camera.GroundDistances', 'UI.Camera.Meters', 'UI.Camera.NoGround', 'Card.WM01.MissilePod.Title', 'Card.WM01.MissilePod.Description', 'Card.WM01.RainSalvo.Title', 'Card.WM01.RainSalvo.Description', 'UI.RogueCards.Empty', 'UI.RogueCards.AcquisitionLimit', 'UI.RogueCards.RequirementNotMet', 'UI.RogueCards.Excluded', 'UI.RogueCards.Reroll', 'UI.RogueCards.Rerolling', 'UI.RogueCards.RerollHint', 'UI.RogueCards.NoAlternatives', 'UI.RogueCards.RerollUnavailable', 'UI.RogueCards.RerollBusy', 'UI.CommanderSkills.GuidanceBatch', 'UI.CommanderSkills.PioneerSummon']
exported
saved
